
Optional file libmchp_peripheral.a not found

Optional file libmchp_peripheral_32MX320F128H.a not found
Archive member included to satisfy reference by file (symbol)

c:/program files/microchip/xc32/v3.01/bin/bin/../../lib/gcc/pic32mx/8.3.1\libgcc.a(floatunsisf.o)
                              build/default/production/_ext/1975241074/AD.o (__floatunsisf)
c:/program files/microchip/xc32/v3.01/bin/bin/../../lib/gcc/pic32mx/8.3.1/../../../../pic32mx/lib\libpic32.a(default-bootstrap-exception-handler.o)
                              C:\Users\hpcallah\AppData\Local\Temp\ccbo6Ist.o (_bootstrap_exception_handler)
c:/program files/microchip/xc32/v3.01/bin/bin/../../lib/gcc/pic32mx/8.3.1/../../../../pic32mx/lib\libpic32.a(default-on-reset.o)
                              C:\Users\hpcallah\AppData\Local\Temp\ccbo6Ist.o (_on_reset)
c:/program files/microchip/xc32/v3.01/bin/bin/../../lib/gcc/pic32mx/8.3.1/../../../../pic32mx/lib\libpic32.a(default-on-bootstrap.o)
                              C:\Users\hpcallah\AppData\Local\Temp\ccbo6Ist.o (_on_bootstrap)
c:/program files/microchip/xc32/v3.01/bin/bin/../../lib/gcc/pic32mx/8.3.1/../../../../pic32mx/lib\libpic32.a(default-nmi-handler.o)
                              C:\Users\hpcallah\AppData\Local\Temp\ccbo6Ist.o (_nmi_handler)
c:/program files/microchip/xc32/v3.01/bin/bin/../../lib/gcc/pic32mx/8.3.1/../../../../pic32mx/lib\libpic32.a(pic32_data_init.o)
                              C:\Users\hpcallah\AppData\Local\Temp\ccbo6Ist.o (__pic32_data_init)
c:/program files/microchip/xc32/v3.01/bin/bin/../../lib/gcc/pic32mx/8.3.1/../../../../pic32mx/lib\libpic32.a(general-exception.o)
                              C:\Users\hpcallah\AppData\Local\Temp\ccbo6Ist.o (_general_exception_context)
c:/program files/microchip/xc32/v3.01/bin/bin/../../lib/gcc/pic32mx/8.3.1/../../../../pic32mx/lib\libpic32.a(vector0.o)
                              C:\Users\hpcallah\AppData\Local\Temp\ccwnE8id.o (__vector_dispatch_0)
c:/program files/microchip/xc32/v3.01/bin/bin/../../lib/gcc/pic32mx/8.3.1/../../../../pic32mx/lib\libpic32.a(vector1.o)
                              C:\Users\hpcallah\AppData\Local\Temp\ccwnE8id.o (__vector_dispatch_1)
c:/program files/microchip/xc32/v3.01/bin/bin/../../lib/gcc/pic32mx/8.3.1/../../../../pic32mx/lib\libpic32.a(vector2.o)
                              C:\Users\hpcallah\AppData\Local\Temp\ccwnE8id.o (__vector_dispatch_2)
c:/program files/microchip/xc32/v3.01/bin/bin/../../lib/gcc/pic32mx/8.3.1/../../../../pic32mx/lib\libpic32.a(vector3.o)
                              C:\Users\hpcallah\AppData\Local\Temp\ccwnE8id.o (__vector_dispatch_3)
c:/program files/microchip/xc32/v3.01/bin/bin/../../lib/gcc/pic32mx/8.3.1/../../../../pic32mx/lib\libpic32.a(vector5.o)
                              C:\Users\hpcallah\AppData\Local\Temp\ccwnE8id.o (__vector_dispatch_5)
c:/program files/microchip/xc32/v3.01/bin/bin/../../lib/gcc/pic32mx/8.3.1/../../../../pic32mx/lib\libpic32.a(vector6.o)
                              C:\Users\hpcallah\AppData\Local\Temp\ccwnE8id.o (__vector_dispatch_6)
c:/program files/microchip/xc32/v3.01/bin/bin/../../lib/gcc/pic32mx/8.3.1/../../../../pic32mx/lib\libpic32.a(vector7.o)
                              C:\Users\hpcallah\AppData\Local\Temp\ccwnE8id.o (__vector_dispatch_7)
c:/program files/microchip/xc32/v3.01/bin/bin/../../lib/gcc/pic32mx/8.3.1/../../../../pic32mx/lib\libpic32.a(vector8.o)
                              C:\Users\hpcallah\AppData\Local\Temp\ccwnE8id.o (__vector_dispatch_8)
c:/program files/microchip/xc32/v3.01/bin/bin/../../lib/gcc/pic32mx/8.3.1/../../../../pic32mx/lib\libpic32.a(vector9.o)
                              C:\Users\hpcallah\AppData\Local\Temp\ccwnE8id.o (__vector_dispatch_9)
c:/program files/microchip/xc32/v3.01/bin/bin/../../lib/gcc/pic32mx/8.3.1/../../../../pic32mx/lib\libpic32.a(vector10.o)
                              C:\Users\hpcallah\AppData\Local\Temp\ccwnE8id.o (__vector_dispatch_10)
c:/program files/microchip/xc32/v3.01/bin/bin/../../lib/gcc/pic32mx/8.3.1/../../../../pic32mx/lib\libpic32.a(vector11.o)
                              C:\Users\hpcallah\AppData\Local\Temp\ccwnE8id.o (__vector_dispatch_11)
c:/program files/microchip/xc32/v3.01/bin/bin/../../lib/gcc/pic32mx/8.3.1/../../../../pic32mx/lib\libpic32.a(vector12.o)
                              C:\Users\hpcallah\AppData\Local\Temp\ccwnE8id.o (__vector_dispatch_12)
c:/program files/microchip/xc32/v3.01/bin/bin/../../lib/gcc/pic32mx/8.3.1/../../../../pic32mx/lib\libpic32.a(vector13.o)
                              C:\Users\hpcallah\AppData\Local\Temp\ccwnE8id.o (__vector_dispatch_13)
c:/program files/microchip/xc32/v3.01/bin/bin/../../lib/gcc/pic32mx/8.3.1/../../../../pic32mx/lib\libpic32.a(vector14.o)
                              C:\Users\hpcallah\AppData\Local\Temp\ccwnE8id.o (__vector_dispatch_14)
c:/program files/microchip/xc32/v3.01/bin/bin/../../lib/gcc/pic32mx/8.3.1/../../../../pic32mx/lib\libpic32.a(vector15.o)
[...]
Memory Configuration

Name             Origin             Length             Attributes
kseg0_program_mem 0x000000009d002000 0x000000000001d000 xr
kseg0_boot_mem   0x000000009d000490 0x0000000000000970
exception_mem    0x000000009d001000 0x0000000000001000
kseg1_boot_mem   0x00000000bd000000 0x0000000000000490
debug_exec_mem   0x00000000bfc02000 0x0000000000000ff0
config3          0x00000000bfc02ff0 0x0000000000000004
config2          0x00000000bfc02ff4 0x0000000000000004
config1          0x00000000bfc02ff8 0x0000000000000004
config0          0x00000000bfc02ffc 0x0000000000000004
kseg1_data_mem   0x00000000a0000000 0x0000000000004000 w !x
sfrs             0x00000000bf800000 0x0000000000100000
configsfrs       0x00000000bfc02ff0 0x0000000000000010
*default*        0x0000000000000000 0xffffffffffffffff

Linker script and memory map

LOAD c:/program files/microchip/xc32/v3.01/bin/bin/../../lib/gcc/pic32mx/8.3.1/../../../../pic32mx/lib\debug-exception-return.o
LOAD build/default/production/_ext/1329943840/BumperService.o
LOAD build/default/production/_ext/1329943840/DeadBot.o
LOAD build/default/production/_ext/1329943840/ES_Main.o
LOAD build/default/production/_ext/1329943840/EventChecker.o
LOAD build/default/production/_ext/1329943840/FindPath.o
LOAD build/default/production/_ext/1329943840/ReverseShark.o
LOAD build/default/production/_ext/1329943840/ReverseSideTapeService.o
LOAD build/default/production/_ext/1329943840/SecondTower.o
LOAD build/default/production/_ext/1329943840/Service.o
LOAD build/default/production/_ext/1329943840/SideTapeService.o
LOAD build/default/production/_ext/1329943840/TapeService.o
LOAD build/default/production/_ext/1329943840/TheBrain.o
LOAD build/default/production/_ext/1329943840/TowerSearch.o
LOAD build/default/production/_ext/1329943840/TowerShark.o
LOAD build/default/production/_ext/1329943840/TrackWireService.o
LOAD build/default/production/_ext/1329943840/motors.o
LOAD build/default/production/_ext/1329943840/shooting.o
LOAD build/default/production/_ext/1975241074/AD.o
LOAD build/default/production/_ext/1975241074/BOARD.o
LOAD build/default/production/_ext/1975241074/ES_CheckEvents.o
LOAD build/default/production/_ext/1975241074/ES_Framework.o
LOAD build/default/production/_ext/1975241074/ES_KeyboardInput.o
LOAD build/default/production/_ext/1975241074/ES_PostList.o
LOAD build/default/production/_ext/1975241074/ES_Queue.o
LOAD build/default/production/_ext/1975241074/ES_TattleTale.o
LOAD build/default/production/_ext/1975241074/ES_Timers.o
LOAD build/default/production/_ext/1975241074/IO_Ports.o
LOAD build/default/production/_ext/1975241074/LED.o
LOAD build/default/production/_ext/1975241074/RC_Servo.o
LOAD build/default/production/_ext/1975241074/pwm.o
LOAD build/default/production/_ext/1975241074/serial.o
LOAD build/default/production/_ext/1975241074/timers.o
                0x0000000000000001                __MPLAB_BUILD = 0x1
                0x0000000000000400                PROVIDE (_min_stack_size = 0x400)
START GROUP
LOAD libmchp_peripheral.a
END GROUP
START GROUP
LOAD libmchp_peripheral_32MX320F128H.a
END GROUP
                0x0000000000000001                PROVIDE (_vector_spacing = 0x1)
                0x000000009d001000                _ebase_address = 0x9d001000
                0x00000000bd000000                _RESET_ADDR = 0xbd000000
                0x00000000bd000380                _BEV_EXCPT_ADDR = 0xbd000380
                0x00000000bd000480                _DBG_EXCPT_ADDR = 0xbd000480
                0x00000000bfc02000                _DBG_CODE_ADDR = 0xbfc02000
                0x0000000000000ff0                _DBG_CODE_SIZE = 0xff0
                0x000000009d001180                _GEN_EXCPT_ADDR = (_ebase_address + 0x180)

.config_BFC02FF0
 *(.config_BFC02FF0)

.config_BFC02FF4
 *(.config_BFC02FF4)

.config_BFC02FF8
 *(.config_BFC02FF8)

.config_BFC02FFC
 *(.config_BFC02FFC)
                [!provide]                        PROVIDE (_DBG_CODE_ADDR = 0xbfc02000)
                [!provide]                        PROVIDE (_DBG_CODE_SIZE = 0xff0)

.reset          0x00000000bd000000      0x19c
 *(.reset)
 .reset         0x00000000bd000000        0x8 C:\Users\hpcallah\AppData\Local\Temp\ccbo6Ist.o
                0x00000000bd000000                _reset
 *(.reset.startup)
 .reset.startup
                0x00000000bd000008      0x194 C:\Users\hpcallah\AppData\Local\Temp\ccbo6Ist.o
                0x00000000bd000008                _startup

.bev_excpt      0x00000000bd000380       0x10
 *(.bev_handler)
 .bev_handler   0x00000000bd000380       0x10 C:\Users\hpcallah\AppData\Local\Temp\ccbo6Ist.o

.dbg_excpt      0x00000000bd000480        0x0
                0x00000000bd000480                . = (. + DEFINED (_DEBUGGER)?0x8:0x0)

.dbg_code       0x00000000bfc02000        0x0
                0x00000000bfc02000                . = (. + DEFINED (_DEBUGGER)?_DBG_CODE_SIZE:0x0)

.app_excpt      0x000000009d001180       0x10
 *(.gen_handler)
 .gen_handler   0x000000009d001180       0x10 C:\Users\hpcallah\AppData\Local\Temp\ccbo6Ist.o

.vector_0       0x000000009d001200        0x8
 *(.vector_0)
 .vector_0      0x000000009d001200        0x8 c:/program files/microchip/xc32/v3.01/bin/bin/../../lib/gcc/pic32mx/8.3.1/../../../../pic32mx/lib\libpic32.a(vector0.o)
                0x000000009d001200                __vector_dispatch_0
                0x0000000000000001                ASSERT (((_vector_spacing == 0x0) || (SIZEOF (.vector_0) <= (_vector_spacing << 0x5))), function at exception vector 0 too large)

.vector_1       0x000000009d001220        0x8
 *(.vector_1)
 .vector_1      0x000000009d001220        0x8 c:/program files/microchip/xc32/v3.01/bin/bin/../../lib/gcc/pic32mx/8.3.1/../../../../pic32mx/lib\libpic32.a(vector1.o)
                0x000000009d001220                __vector_dispatch_1
                0x0000000000000001                ASSERT (((_vector_spacing == 0x0) || (SIZEOF (.vector_1) <= (_vector_spacing << 0x5))), function at exception vector 1 too large)

.vector_2       0x000000009d001240        0x8
 *(.vector_2)
 .vector_2      0x000000009d001240        0x8 c:/program files/microchip/xc32/v3.01/bin/bin/../../lib/gcc/pic32mx/8.3.1/../../../../pic32mx/lib\libpic32.a(vector2.o)
                0x000000009d001240                __vector_dispatch_2
                0x0000000000000001                ASSERT (((_vector_spacing == 0x0) || (SIZEOF (.vector_2) <= (_vector_spacing << 0x5))), function at exception vector 2 too large)

.vector_3       0x000000009d001260        0x8
 *(.vector_3)
 .vector_3      0x000000009d001260        0x8 c:/program files/microchip/xc32/v3.01/bin/bin/../../lib/gcc/pic32mx/8.3.1/../../../../pic32mx/lib\libpic32.a(vector3.o)
                0x000000009d001260                __vector_dispatch_3
                0x0000000000000001                ASSERT (((_vector_spacing == 0x0) || (SIZEOF (.vector_3) <= (_vector_spacing << 0x5))), function at exception vector 3 too large)

.vector_4       0x000000009d001280        0x8
 *(.vector_4)
 .vector_4      0x000000009d001280        0x8 build/default/production/_ext/1975241074/ES_Timers.o
                0x000000009d001280                __vector_dispatch_4
                0x0000000000000001                ASSERT (((_vector_spacing == 0x0) || (SIZEOF (.vector_4) <= (_vector_spacing << 0x5))), function at exception vector 4 too large)

.vector_5       0x000000009d0012a0        0x8
 *(.vector_5)
 .vector_5      0x000000009d0012a0        0x8 c:/program files/microchip/xc32/v3.01/bin/bin/../../lib/gcc/pic32mx/8.3.1/../../../../pic32mx/lib\libpic32.a(vector5.o)
                0x000000009d0012a0                __vector_dispatch_5
                0x0000000000000001                ASSERT (((_vector_spacing == 0x0) || (SIZEOF (.vector_5) <= (_vector_spacing << 0x5))), function at exception vector 5 too large)

.vector_6       0x000000009d0012c0        0x8
 *(.vector_6)
 .vector_6      0x000000009d0012c0        0x8 c:/program files/microchip/xc32/v3.01/bin/bin/../../lib/gcc/pic32mx/8.3.1/../../../../pic32mx/lib\libpic32.a(vector6.o)
                0x000000009d0012c0                __vector_dispatch_6
                0x0000000000000001                ASSERT (((_vector_spacing == 0x0) || (SIZEOF (.vector_6) <= (_vector_spacing << 0x5))), function at exception vector 6 too large)

.vector_7       0x000000009d0012e0        0x8
 *(.vector_7)
 .vector_7      0x000000009d0012e0        0x8 c:/program files/microchip/xc32/v3.01/bin/bin/../../lib/gcc/pic32mx/8.3.1/../../../../pic32mx/lib\libpic32.a(vector7.o)
                0x000000009d0012e0                __vector_dispatch_7
                0x0000000000000001                ASSERT (((_vector_spacing == 0x0) || (SIZEOF (.vector_7) <= (_vector_spacing << 0x5))), function at exception vector 7 too large)

.vector_8       0x000000009d001300        0x8
 *(.vector_8)
 .vector_8      0x000000009d001300        0x8 c:/program files/microchip/xc32/v3.01/bin/bin/../../lib/gcc/pic32mx/8.3.1/../../../../pic32mx/lib\libpic32.a(vector8.o)
                0x000000009d001300                __vector_dispatch_8
                0x0000000000000001                ASSERT (((_vector_spacing == 0x0) || (SIZEOF (.vector_8) <= (_vector_spacing << 0x5))), function at exception vector 8 too large)

.vector_9       0x000000009d001320        0x8
 *(.vector_9)
 .vector_9      0x000000009d001320        0x8 c:/program files/microchip/xc32/v3.01/bin/bin/../../lib/gcc/pic32mx/8.3.1/../../../../pic32mx/lib\libpic32.a(vector9.o)
                0x000000009d001320                __vector_dispatch_9
                0x0000000000000001                ASSERT (((_vector_spacing == 0x0) || (SIZEOF (.vector_9) <= (_vector_spacing << 0x5))), function at exception vector 9 too large)

.vector_10      0x000000009d001340        0x8
 *(.vector_10)
 .vector_10     0x000000009d001340        0x8 c:/program files/microchip/xc32/v3.01/bin/bin/../../lib/gcc/pic32mx/8.3.1/../../../../pic32mx/lib\libpic32.a(vector10.o)
                0x000000009d001340                __vector_dispatch_10
                0x0000000000000001                ASSERT (((_vector_spacing == 0x0) || (SIZEOF (.vector_10) <= (_vector_spacing << 0x5))), function at exception vector 10 too large)

.vector_11      0x000000009d001360        0x8
 *(.vector_11)
 .vector_11     0x000000009d001360        0x8 c:/program files/microchip/xc32/v3.01/bin/bin/../../lib/gcc/pic32mx/8.3.1/../../../../pic32mx/lib\libpic32.a(vector11.o)
                0x000000009d001360                __vector_dispatch_11
                0x0000000000000001                ASSERT (((_vector_spacing == 0x0) || (SIZEOF (.vector_11) <= (_vector_spacing << 0x5))), function at exception vector 11 too large)

.vector_12      0x000000009d001380        0x8
 *(.vector_12)
 .vector_12     0x000000009d001380        0x8 c:/program files/microchip/xc32/v3.01/bin/bin/../../lib/gcc/pic32mx/8.3.1/../../../../pic32mx/lib\libpic32.a(vector12.o)
                0x000000009d001380                __vector_dispatch_12
                0x0000000000000001                ASSERT (((_vector_spacing == 0x0) || (SIZEOF (.vector_12) <= (_vector_spacing << 0x5))), function at exception vector 12 too large)

.vector_13      0x000000009d0013a0        0x8
 *(.vector_13)
 .vector_13     0x000000009d0013a0        0x8 c:/program files/microchip/xc32/v3.01/bin/bin/../../lib/gcc/pic32mx/8.3.1/../../../../pic32mx/lib\libpic32.a(vector13.o)
                0x000000009d0013a0                __vector_dispatch_13
                0x0000000000000001                ASSERT (((_vector_spacing == 0x0) || (SIZEOF (.vector_13) <= (_vector_spacing << 0x5))), function at exception vector 13 too large)

.vector_14      0x000000009d0013c0        0x8
 *(.vector_14)
 .vector_14     0x000000009d0013c0        0x8 c:/program files/microchip/xc32/v3.01/bin/bin/../../lib/gcc/pic32mx/8.3.1/../../../../pic32mx/lib\libpic32.a(vector14.o)
                0x000000009d0013c0                __vector_dispatch_14
                0x0000000000000001                ASSERT (((_vector_spacing == 0x0) || (SIZEOF (.vector_14) <= (_vector_spacing << 0x5))), function at exception vector 14 too large)

.vector_15      0x000000009d0013e0        0x8
 *(.vector_15)
 .vector_15     0x000000009d0013e0        0x8 c:/program files/microchip/xc32/v3.01/bin/bin/../../lib/gcc/pic32mx/8.3.1/../../../../pic32mx/lib\libpic32.a(vector15.o)
                0x000000009d0013e0                __vector_dispatch_15
                0x0000000000000001                ASSERT (((_vector_spacing == 0x0) || (SIZEOF (.vector_15) <= (_vector_spacing << 0x5))), function at exception vector 15 too large)

.vector_16      0x000000009d001400        0x8
 *(.vector_16)
 .vector_16     0x000000009d001400        0x8 build/default/production/_ext/1975241074/RC_Servo.o
                0x000000009d001400                __vector_dispatch_16
                0x0000000000000001                ASSERT (((_vector_spacing == 0x0) || (SIZEOF (.vector_16) <= (_vector_spacing << 0x5))), function at exception vector 16 too large)

.vector_17      0x000000009d001420        0x8
 *(.vector_17)
 .vector_17     0x000000009d001420        0x8 c:/program files/microchip/xc32/v3.01/bin/bin/../../lib/gcc/pic32mx/8.3.1/../../../../pic32mx/lib\libpic32.a(vector17.o)
                0x000000009d001420                __vector_dispatch_17
                0x0000000000000001                ASSERT (((_vector_spacing == 0x0) || (SIZEOF (.vector_17) <= (_vector_spacing << 0x5))), function at exception vector 17 too large)

.vector_18      0x000000009d001440        0x8
 *(.vector_18)
 .vector_18     0x000000009d001440        0x8 c:/program files/microchip/xc32/v3.01/bin/bin/../../lib/gcc/pic32mx/8.3.1/../../../../pic32mx/lib\libpic32.a(vector18.o)
                0x000000009d001440                __vector_dispatch_18
                0x0000000000000001                ASSERT (((_vector_spacing == 0x0) || (SIZEOF (.vector_18) <= (_vector_spacing << 0x5))), function at exception vector 18 too large)

.vector_19      0x000000009d001460        0x8
 *(.vector_19)
 .vector_19     0x000000009d001460        0x8 c:/program files/microchip/xc32/v3.01/bin/bin/../../lib/gcc/pic32mx/8.3.1/../../../../pic32mx/lib\libpic32.a(vector19.o)
                0x000000009d001460                __vector_dispatch_19
                0x0000000000000001                ASSERT (((_vector_spacing == 0x0) || (SIZEOF (.vector_19) <= (_vector_spacing << 0x5))), function at exception vector 19 too large)

.vector_20      0x000000009d001480        0x8
 *(.vector_20)
 .vector_20     0x000000009d001480        0x8 build/default/production/_ext/1975241074/timers.o
                0x000000009d001480                __vector_dispatch_20
                0x0000000000000001                ASSERT (((_vector_spacing == 0x0) || (SIZEOF (.vector_20) <= (_vector_spacing << 0x5))), function at exception vector 20 too large)

.vector_21      0x000000009d0014a0        0x8
 *(.vector_21)
 .vector_21     0x000000009d0014a0        0x8 c:/program files/microchip/xc32/v3.01/bin/bin/../../lib/gcc/pic32mx/8.3.1/../../../../pic32mx/lib\libpic32.a(vector21.o)
                0x000000009d0014a0                __vector_dispatch_21
                0x0000000000000001                ASSERT (((_vector_spacing == 0x0) || (SIZEOF (.vector_21) <= (_vector_spacing << 0x5))), function at exception vector 21 too large)

.vector_22      0x000000009d0014c0        0x8
 *(.vector_22)
 .vector_22     0x000000009d0014c0        0x8 c:/program files/microchip/xc32/v3.01/bin/bin/../../lib/gcc/pic32mx/8.3.1/../../../../pic32mx/lib\libpic32.a(vector22.o)
                0x000000009d0014c0                __vector_dispatch_22
                0x0000000000000001                ASSERT (((_vector_spacing == 0x0) || (SIZEOF (.vector_22) <= (_vector_spacing << 0x5))), function at exception vector 22 too large)

.vector_23      0x000000009d0014e0        0x8
 *(.vector_23)
 .vector_23     0x000000009d0014e0        0x8 c:/program files/microchip/xc32/v3.01/bin/bin/../../lib/gcc/pic32mx/8.3.1/../../../../pic32mx/lib\libpic32.a(vector23.o)
                0x000000009d0014e0                __vector_dispatch_23
                0x0000000000000001                ASSERT (((_vector_spacing == 0x0) || (SIZEOF (.vector_23) <= (_vector_spacing << 0x5))), function at exception vector 23 too large)

.vector_24      0x000000009d001500        0x8
 *(.vector_24)
 .vector_24     0x000000009d001500        0x8 build/default/production/_ext/1975241074/serial.o
                0x000000009d001500                __vector_dispatch_24
                0x0000000000000001                ASSERT (((_vector_spacing == 0x0) || (SIZEOF (.vector_24) <= (_vector_spacing << 0x5))), function at exception vector 24 too large)

.vector_25      0x000000009d001520        0x8
 *(.vector_25)
 .vector_25     0x000000009d001520        0x8 c:/program files/microchip/xc32/v3.01/bin/bin/../../lib/gcc/pic32mx/8.3.1/../../../../pic32mx/lib\libpic32.a(vector25.o)
                0x000000009d001520                __vector_dispatch_25
                0x0000000000000001                ASSERT (((_vector_spacing == 0x0) || (SIZEOF (.vector_25) <= (_vector_spacing << 0x5))), function at exception vector 25 too large)

.vector_26      0x000000009d001540        0x8
 *(.vector_26)
 .vector_26     0x000000009d001540        0x8 c:/program files/microchip/xc32/v3.01/bin/bin/../../lib/gcc/pic32mx/8.3.1/../../../../pic32mx/lib\libpic32.a(vector26.o)
                0x000000009d001540                __vector_dispatch_26
                0x0000000000000001                ASSERT (((_vector_spacing == 0x0) || (SIZEOF (.vector_26) <= (_vector_spacing << 0x5))), function at exception vector 26 too large)

.vector_27      0x000000009d001560        0x8
 *(.vector_27)
 .vector_27     0x000000009d001560        0x8 build/default/production/_ext/1975241074/AD.o
                0x000000009d001560                __vector_dispatch_27
                0x0000000000000001                ASSERT (((_vector_spacing == 0x0) || (SIZEOF (.vector_27) <= (_vector_spacing << 0x5))), function at exception vector 27 too large)

.vector_28      0x000000009d001580        0x8
 *(.vector_28)
 .vector_28     0x000000009d001580        0x8 c:/program files/microchip/xc32/v3.01/bin/bin/../../lib/gcc/pic32mx/8.3.1/../../../../pic32mx/lib\libpic32.a(vector28.o)
                0x000000009d001580                __vector_dispatch_28
                0x0000000000000001                ASSERT (((_vector_spacing == 0x0) || (SIZEOF (.vector_28) <= (_vector_spacing << 0x5))), function at exception vector 28 too large)

.vector_29      0x000000009d0015a0        0x8
 *(.vector_29)
 .vector_29     0x000000009d0015a0        0x8 c:/program files/microchip/xc32/v3.01/bin/bin/../../lib/gcc/pic32mx/8.3.1/../../../../pic32mx/lib\libpic32.a(vector29.o)
                0x000000009d0015a0                __vector_dispatch_29
                0x0000000000000001                ASSERT (((_vector_spacing == 0x0) || (SIZEOF (.vector_29) <= (_vector_spacing << 0x5))), function at exception vector 29 too large)

.vector_30      0x000000009d0015c0        0x8
 *(.vector_30)
 .vector_30     0x000000009d0015c0        0x8 c:/program files/microchip/xc32/v3.01/bin/bin/../../lib/gcc/pic32mx/8.3.1/../../../../pic32mx/lib\libpic32.a(vector30.o)
                0x000000009d0015c0                __vector_dispatch_30
                0x0000000000000001                ASSERT (((_vector_spacing == 0x0) || (SIZEOF (.vector_30) <= (_vector_spacing << 0x5))), function at exception vector 30 too large)

.vector_31      0x000000009d0015e0        0x8
 *(.vector_31)
 .vector_31     0x000000009d0015e0        0x8 c:/program files/microchip/xc32/v3.01/bin/bin/../../lib/gcc/pic32mx/8.3.1/../../../../pic32mx/lib\libpic32.a(vector31.o)
                0x000000009d0015e0                __vector_dispatch_31
                0x0000000000000001                ASSERT (((_vector_spacing == 0x0) || (SIZEOF (.vector_31) <= (_vector_spacing << 0x5))), function at exception vector 31 too large)

.vector_32      0x000000009d001600        0x8
 *(.vector_32)
 .vector_32     0x000000009d001600        0x8 c:/program files/microchip/xc32/v3.01/bin/bin/../../lib/gcc/pic32mx/8.3.1/../../../../pic32mx/lib\libpic32.a(vector32.o)
                0x000000009d001600                __vector_dispatch_32
                0x0000000000000001                ASSERT (((_vector_spacing == 0x0) || (SIZEOF (.vector_32) <= (_vector_spacing << 0x5))), function at exception vector 32 too large)

.vector_33      0x000000009d001620        0x8
 *(.vector_33)
 .vector_33     0x000000009d001620        0x8 c:/program files/microchip/xc32/v3.01/bin/bin/../../lib/gcc/pic32mx/8.3.1/../../../../pic32mx/lib\libpic32.a(vector33.o)
                0x000000009d001620                __vector_dispatch_33
                0x0000000000000001                ASSERT (((_vector_spacing == 0x0) || (SIZEOF (.vector_33) <= (_vector_spacing << 0x5))), function at exception vector 33 too large)

.vector_34      0x000000009d001640        0x8
 *(.vector_34)
 .vector_34     0x000000009d001640        0x8 c:/program files/microchip/xc32/v3.01/bin/bin/../../lib/gcc/pic32mx/8.3.1/../../../../pic32mx/lib\libpic32.a(vector34.o)
                0x000000009d001640                __vector_dispatch_34
                0x0000000000000001                ASSERT (((_vector_spacing == 0x0) || (SIZEOF (.vector_34) <= (_vector_spacing << 0x5))), function at exception vector 34 too large)

.vector_35      0x000000009d001660        0x8
 *(.vector_35)
 .vector_35     0x000000009d001660        0x8 c:/program files/microchip/xc32/v3.01/bin/bin/../../lib/gcc/pic32mx/8.3.1/../../../../pic32mx/lib\libpic32.a(vector35.o)
                0x000000009d001660                __vector_dispatch_35
                0x0000000000000001                ASSERT (((_vector_spacing == 0x0) || (SIZEOF (.vector_35) <= (_vector_spacing << 0x5))), function at exception vector 35 too large)

.vector_36      0x000000009d001680        0x8
 *(.vector_36)
 .vector_36     0x000000009d001680        0x8 c:/program files/microchip/xc32/v3.01/bin/bin/../../lib/gcc/pic32mx/8.3.1/../../../../pic32mx/lib\libpic32.a(vector36.o)
                0x000000009d001680                __vector_dispatch_36
                0x0000000000000001                ASSERT (((_vector_spacing == 0x0) || (SIZEOF (.vector_36) <= (_vector_spacing << 0x5))), function at exception vector 36 too large)

.vector_37      0x000000009d0016a0        0x8
 *(.vector_37)
 .vector_37     0x000000009d0016a0        0x8 c:/program files/microchip/xc32/v3.01/bin/bin/../../lib/gcc/pic32mx/8.3.1/../../../../pic32mx/lib\libpic32.a(vector37.o)
                0x000000009d0016a0                __vector_dispatch_37
                0x0000000000000001                ASSERT (((_vector_spacing == 0x0) || (SIZEOF (.vector_37) <= (_vector_spacing << 0x5))), function at exception vector 37 too large)

.vector_38      0x000000009d0016c0        0x8
 *(.vector_38)
 .vector_38     0x000000009d0016c0        0x8 c:/program files/microchip/xc32/v3.01/bin/bin/../../lib/gcc/pic32mx/8.3.1/../../../../pic32mx/lib\libpic32.a(vector38.o)
                0x000000009d0016c0                __vector_dispatch_38
                0x0000000000000001                ASSERT (((_vector_spacing == 0x0) || (SIZEOF (.vector_38) <= (_vector_spacing << 0x5))), function at exception vector 38 too large)

.vector_39      0x000000009d0016e0        0x8
 *(.vector_39)
 .vector_39     0x000000009d0016e0        0x8 c:/program files/microchip/xc32/v3.01/bin/bin/../../lib/gcc/pic32mx/8.3.1/../../../../pic32mx/lib\libpic32.a(vector39.o)
                0x000000009d0016e0                __vector_dispatch_39
                0x0000000000000001                ASSERT (((_vector_spacing == 0x0) || (SIZEOF (.vector_39) <= (_vector_spacing << 0x5))), function at exception vector 39 too large)

.vector_40      0x000000009d001700        0x8
 *(.vector_40)
 .vector_40     0x000000009d001700        0x8 c:/program files/microchip/xc32/v3.01/bin/bin/../../lib/gcc/pic32mx/8.3.1/../../../../pic32mx/lib\libpic32.a(vector40.o)
                0x000000009d001700                __vector_dispatch_40
                0x0000000000000001                ASSERT (((_vector_spacing == 0x0) || (SIZEOF (.vector_40) <= (_vector_spacing << 0x5))), function at exception vector 40 too large)

.vector_41      0x000000009d001720        0x8
 *(.vector_41)
 .vector_41     0x000000009d001720        0x8 c:/program files/microchip/xc32/v3.01/bin/bin/../../lib/gcc/pic32mx/8.3.1/../../../../pic32mx/lib\libpic32.a(vector41.o)
                0x000000009d001720                __vector_dispatch_41
                0x0000000000000001                ASSERT (((_vector_spacing == 0x0) || (SIZEOF (.vector_41) <= (_vector_spacing << 0x5))), function at exception vector 41 too large)

.vector_42      0x000000009d001740        0x8
 *(.vector_42)
 .vector_42     0x000000009d001740        0x8 c:/program files/microchip/xc32/v3.01/bin/bin/../../lib/gcc/pic32mx/8.3.1/../../../../pic32mx/lib\libpic32.a(vector42.o)
                0x000000009d001740                __vector_dispatch_42
                0x0000000000000001                ASSERT (((_vector_spacing == 0x0) || (SIZEOF (.vector_42) <= (_vector_spacing << 0x5))), function at exception vector 42 too large)

.vector_43      0x000000009d001760        0x8
 *(.vector_43)
 .vector_43     0x000000009d001760        0x8 c:/program files/microchip/xc32/v3.01/bin/bin/../../lib/gcc/pic32mx/8.3.1/../../../../pic32mx/lib\libpic32.a(vector43.o)
                0x000000009d001760                __vector_dispatch_43
                0x0000000000000001                ASSERT (((_vector_spacing == 0x0) || (SIZEOF (.vector_43) <= (_vector_spacing << 0x5))), function at exception vector 43 too large)

.vector_44      0x000000009d001780        0x8
 *(.vector_44)
 .vector_44     0x000000009d001780        0x8 c:/program files/microchip/xc32/v3.01/bin/bin/../../lib/gcc/pic32mx/8.3.1/../../../../pic32mx/lib\libpic32.a(vector44.o)
                0x000000009d001780                __vector_dispatch_44
                0x0000000000000001                ASSERT (((_vector_spacing == 0x0) || (SIZEOF (.vector_44) <= (_vector_spacing << 0x5))), function at exception vector 44 too large)

.vector_45      0x000000009d0017a0        0x0
 *(.vector_45)
                0x0000000000000001                ASSERT (((_vector_spacing == 0x0) || (SIZEOF (.vector_45) <= (_vector_spacing << 0x5))), function at exception vector 45 too large)

.vector_46      0x000000009d0017c0        0x0
 *(.vector_46)
                0x0000000000000001                ASSERT (((_vector_spacing == 0x0) || (SIZEOF (.vector_46) <= (_vector_spacing << 0x5))), function at exception vector 46 too large)

.vector_47      0x000000009d0017e0        0x0
 *(.vector_47)
                0x0000000000000001                ASSERT (((_vector_spacing == 0x0) || (SIZEOF (.vector_47) <= (_vector_spacing << 0x5))), function at exception vector 47 too large)

.vector_48      0x000000009d001800        0x0
 *(.vector_48)
                0x0000000000000001                ASSERT (((_vector_spacing == 0x0) || (SIZEOF (.vector_48) <= (_vector_spacing << 0x5))), function at exception vector 48 too large)

.vector_49      0x000000009d001820        0x0
 *(.vector_49)
                0x0000000000000001                ASSERT (((_vector_spacing == 0x0) || (SIZEOF (.vector_49) <= (_vector_spacing << 0x5))), function at exception vector 49 too large)

.vector_50      0x000000009d001840        0x0
 *(.vector_50)
                0x0000000000000001                ASSERT (((_vector_spacing == 0x0) || (SIZEOF (.vector_50) <= (_vector_spacing << 0x5))), function at exception vector 50 too large)

.vector_51      0x000000009d001860        0x0
 *(.vector_51)
                0x0000000000000001                ASSERT (((_vector_spacing == 0x0) || (SIZEOF (.vector_51) <= (_vector_spacing << 0x5))), function at exception vector 51 too large)

.vector_52      0x000000009d001880        0x0
 *(.vector_52)
                0x0000000000000001                ASSERT (((_vector_spacing == 0x0) || (SIZEOF (.vector_52) <= (_vector_spacing << 0x5))), function at exception vector 52 too large)

.vector_53      0x000000009d0018a0        0x0
 *(.vector_53)
                0x0000000000000001                ASSERT (((_vector_spacing == 0x0) || (SIZEOF (.vector_53) <= (_vector_spacing << 0x5))), function at exception vector 53 too large)

.vector_54      0x000000009d0018c0        0x0
 *(.vector_54)
                0x0000000000000001                ASSERT (((_vector_spacing == 0x0) || (SIZEOF (.vector_54) <= (_vector_spacing << 0x5))), function at exception vector 54 too large)

.vector_55      0x000000009d0018e0        0x0
 *(.vector_55)
                0x0000000000000001                ASSERT (((_vector_spacing == 0x0) || (SIZEOF (.vector_55) <= (_vector_spacing << 0x5))), function at exception vector 55 too large)

.vector_56      0x000000009d001900        0x0
 *(.vector_56)
                0x0000000000000001                ASSERT (((_vector_spacing == 0x0) || (SIZEOF (.vector_56) <= (_vector_spacing << 0x5))), function at exception vector 56 too large)

.vector_57      0x000000009d001920        0x0
 *(.vector_57)
                0x0000000000000001                ASSERT (((_vector_spacing == 0x0) || (SIZEOF (.vector_57) <= (_vector_spacing << 0x5))), function at exception vector 57 too large)

.vector_58      0x000000009d001940        0x0
 *(.vector_58)
                0x0000000000000001                ASSERT (((_vector_spacing == 0x0) || (SIZEOF (.vector_58) <= (_vector_spacing << 0x5))), function at exception vector 58 too large)

.vector_59      0x000000009d001960        0x0
 *(.vector_59)
                0x0000000000000001                ASSERT (((_vector_spacing == 0x0) || (SIZEOF (.vector_59) <= (_vector_spacing << 0x5))), function at exception vector 59 too large)

.vector_60      0x000000009d001980        0x0
 *(.vector_60)
                0x0000000000000001                ASSERT (((_vector_spacing == 0x0) || (SIZEOF (.vector_60) <= (_vector_spacing << 0x5))), function at exception vector 60 too large)

.vector_61      0x000000009d0019a0        0x0
 *(.vector_61)
                0x0000000000000001                ASSERT (((_vector_spacing == 0x0) || (SIZEOF (.vector_61) <= (_vector_spacing << 0x5))), function at exception vector 61 too large)

.vector_62      0x000000009d0019c0        0x0
 *(.vector_62)
                0x0000000000000001                ASSERT (((_vector_spacing == 0x0) || (SIZEOF (.vector_62) <= (_vector_spacing << 0x5))), function at exception vector 62 too large)

.vector_63      0x000000009d0019e0        0x0
 *(.vector_63)
                0x0000000000000001                ASSERT (((_vector_spacing == 0x0) || (SIZEOF (.vector_63) <= (_vector_spacing << 0x5))), function at exception vector 63 too large)

.startup
 *(.startup)

.text           0x000000009d002000        0x0
 *(.stub .gnu.linkonce.t.*)
 *(.text.*personality*)
 *(.mips16.fn.*)
 *(.mips16.call.*)
 *(.gnu.warning)
                0x000000009d002000                . = ALIGN (0x4)

.init           0x000000009d002000        0x0
 *crti.o(.init)
 *crtbegin.o(.init)
 *(EXCLUDE_FILE(*crtn.o *crtend?.o *crtend.o) .init)
 *crtend.o(.init)
 *crtn.o(.init)
                0x000000009d002000                . = ALIGN (0x4)

.fini           0x000000009d002000        0x0
 *(.fini)
                0x000000009d002000                . = ALIGN (0x4)

.preinit_array  0x000000009d002000        0x0
                [!provide]                        PROVIDE (__preinit_array_start = .)
 *(.preinit_array)
                [!provide]                        PROVIDE (__preinit_array_end = .)
                0x000000009d002000                . = ALIGN (0x4)

.init_array     0x000000009d002000        0x0
                [!provide]                        PROVIDE (__init_array_start = .)
 *(SORT_BY_NAME(.init_array.*))
 *(.init_array)
                [!provide]                        PROVIDE (__init_array_end = .)
                0x000000009d002000                . = ALIGN (0x4)

.fini_array     0x000000009d002000        0x0
                [!provide]                        PROVIDE (__fini_array_start = .)
 *(SORT_BY_NAME(.fini_array.*))
 *(.fini_array)
                [!provide]                        PROVIDE (__fini_array_end = .)
                0x000000009d002000                . = ALIGN (0x4)

.ctors          0x000000009d002000        0x0
 *crtbegin.o(.ctors)
 *crtbegin?.o(.ctors)
 *(EXCLUDE_FILE(*crtend?.o *crtend.o) .ctors)
 *(SORT_BY_NAME(.ctors.*))
 *(.ctors)
                0x000000009d002000                . = ALIGN (0x4)

.dtors          0x000000009d002000        0x0
 *crtbegin.o(.dtors)
 *crtbegin?.o(.dtors)
 *(EXCLUDE_FILE(*crtend?.o *crtend.o) .dtors)
 *(SORT_BY_NAME(.dtors.*))
 *(.dtors)
                0x000000009d002000                . = ALIGN (0x4)

.rodata         0x000000009d002000        0x0
 *(.gnu.linkonce.r.*)
 *(.rodata1)
                0x000000009d002000                . = ALIGN (0x4)

.sdata2         0x000000009d002000        0x0
 *(.sdata2 .sdata2.* .gnu.linkonce.s2.*)
                0x000000009d002000                . = ALIGN (0x4)

.sbss2          0x000000009d002000        0x0
 *(.sbss2 .sbss2.* .gnu.linkonce.sb2.*)
                0x000000009d002000                . = ALIGN (0x4)

.eh_frame_hdr
 *(.eh_frame_hdr)
                0x000000009d002000                . = ALIGN (0x4)

.eh_frame
 *(.eh_frame)
                0x000000009d002000                . = ALIGN (0x4)

.gcc_except_table
 *(.gcc_except_table .gcc_except_table.*)
                0x000000009d002000                . = ALIGN (0x4)

.dbg_data       0x00000000a0000000        0x0
                0x00000000a0000000                . = (. + DEFINED (_DEBUGGER)?0x200:0x0)

.jcr            0x00000000a0000000        0x0
 *(.jcr)
                0x00000000a0000000                . = ALIGN (0x4)

.eh_frame
 *(.eh_frame)
                0x00000000a0000000                . = ALIGN (0x4)

.gcc_except_table
 *(.gcc_except_table .gcc_except_table.*)
                0x00000000a0000000                . = ALIGN (0x4)

.persist        0x00000000a0000000        0x0
                0x00000000a0000000                _persist_begin = .
 *(.persist .persist.*)
 *(.pbss .pbss.*)
                0x00000000a0000000                . = ALIGN (0x4)
                0x00000000a0000000                _persist_end = .

.data           0x00000000a0000000        0x0
 *(.gnu.linkonce.d.*)
 *(.data1)
                0x00000000a0000000                . = ALIGN (0x4)
                0x00000000a0000000                . = .
                0x00000000a0007ff0                _gp = (ALIGN (0x10) + 0x7ff0)

.got            0x00000000a0000000        0x0
 *(.got.plt)
 *(.got)
                0x00000000a0000000                . = ALIGN (0x4)

.sdata          0x00000000a0000000       0x40
                0x00000000a0000000                _sdata_begin = .
 *(.sdata .sdata.* .gnu.linkonce.s.*)
 .sdata         0x00000000a0000000        0x4 build/default/production/_ext/1329943840/BumperService.o
 .sdata         0x00000000a0000004       0x1c build/default/production/_ext/1329943840/EventChecker.o
 .sdata         0x00000000a0000020        0x4 build/default/production/_ext/1329943840/ReverseSideTapeService.o
 .sdata         0x00000000a0000024        0x4 build/default/production/_ext/1329943840/Service.o
 .sdata         0x00000000a0000028        0x4 build/default/production/_ext/1329943840/SideTapeService.o
 .sdata         0x00000000a000002c        0x4 build/default/production/_ext/1329943840/TapeService.o
 .sdata         0x00000000a0000030        0x4 build/default/production/_ext/1975241074/AD.o
 .sdata         0x00000000a0000034        0x7 build/default/production/_ext/1975241074/RC_Servo.o
 *fill*         0x00000000a000003b        0x1 
 .sdata         0x00000000a000003c        0x4 c:/program files/microchip/xc32/v3.01/bin/bin/../../lib/gcc/pic32mx/8.3.1/../../../../pic32mx/lib\liblega-c.a(_iobdata.o)
                0x00000000a000003c                _libc_data
                0x00000000a0000040                . = ALIGN (0x4)
                0x00000000a0000040                _sdata_end = .

.lit8
 *(.lit8)

.lit4
 *(.lit4)
                0x00000000a0000040                . = ALIGN (0x4)
                0x00000000a0000040                _data_end = .
                0x00000000a0000040                _bss_begin = .

.sbss           0x00000000a0000040       0xf8
                0x00000000a0000040                _sbss_begin = .
 *(.dynsbss)
 *(.sbss .sbss.* .gnu.linkonce.sb.*)
 .sbss          0x00000000a0000040        0x1 build/default/production/_ext/1329943840/BumperService.o
 *fill*         0x00000000a0000041        0x3 
 .sbss          0x00000000a0000044        0x5 build/default/production/_ext/1329943840/DeadBot.o
 *fill*         0x00000000a0000049        0x3 
 .sbss          0x00000000a000004c        0x5 build/default/production/_ext/1329943840/EventChecker.o
 *fill*         0x00000000a0000051        0x3 
 .sbss          0x00000000a0000054        0x4 build/default/production/_ext/1329943840/FindPath.o
 .sbss          0x00000000a0000058        0x5 build/default/production/_ext/1329943840/ReverseShark.o
 .sbss          0x00000000a000005d        0x1 build/default/production/_ext/1329943840/ReverseSideTapeService.o
 *fill*         0x00000000a000005e        0x2 
 .sbss          0x00000000a0000060        0x5 build/default/production/_ext/1329943840/SecondTower.o
 .sbss          0x00000000a0000065        0x1 build/default/production/_ext/1329943840/Service.o
 .sbss          0x00000000a0000066        0x1 build/default/production/_ext/1329943840/SideTapeService.o
 .sbss          0x00000000a0000067        0x1 build/default/production/_ext/1329943840/TapeService.o
 .sbss          0x00000000a0000068        0x6 build/default/production/_ext/1329943840/TheBrain.o
 *fill*         0x00000000a000006e        0x2 
 .sbss          0x00000000a0000070       0x10 build/default/production/_ext/1329943840/TowerSearch.o
                0x00000000a0000070                p
                0x00000000a000007c                count
 .sbss          0x00000000a0000080        0x5 build/default/production/_ext/1329943840/TowerShark.o
 .sbss          0x00000000a0000085        0x1 build/default/production/_ext/1329943840/TrackWireService.o
 *fill*         0x00000000a0000086        0x2 
 .sbss          0x00000000a0000088       0x24 build/default/production/_ext/1975241074/AD.o
 .sbss          0x00000000a00000ac        0x5 build/default/production/_ext/1975241074/ES_CheckEvents.o
 *fill*         0x00000000a00000b1        0x3 
 .sbss          0x00000000a00000b4        0xc build/default/production/_ext/1975241074/ES_Framework.o
                0x00000000a00000b4                Ready
 .sbss          0x00000000a00000c0        0x1 build/default/production/_ext/1975241074/ES_KeyboardInput.o
 *fill*         0x00000000a00000c1        0x3 
 .sbss          0x00000000a00000c4       0x30 build/default/production/_ext/1975241074/ES_Timers.o
 .sbss          0x00000000a00000f4        0x2 build/default/production/_ext/1975241074/LED.o
 *fill*         0x00000000a00000f6        0x2 
 .sbss          0x00000000a00000f8       0x12 build/default/production/_ext/1975241074/RC_Servo.o
                0x00000000a00000f8                RCenabled
 *fill*         0x00000000a000010a        0x2 
 .sbss          0x00000000a000010c        0xc build/default/production/_ext/1975241074/pwm.o
 .sbss          0x00000000a0000118        0xe build/default/production/_ext/1975241074/serial.o
 *fill*         0x00000000a0000126        0x2 
 .sbss          0x00000000a0000128        0xc build/default/production/_ext/1975241074/timers.o
 .sbss          0x00000000a0000134        0x4 c:/program files/microchip/xc32/v3.01/bin/bin/../../lib/gcc/pic32mx/8.3.1/../../../../pic32mx/lib\liblega-c.a(errno.o)
                0x00000000a0000134                errno
 *(.scommon)
                0x00000000a0000138                _sbss_end = .
                0x00000000a0000138                . = ALIGN (0x4)

.bss            0x00000000a0000138        0x0
 *(.dynbss)
 *(COMMON)
                0x00000000a0000138                . = ALIGN ((. != 0x0)?0x4:0x1)
                0x00000000a0000138                . = ALIGN (0x4)
                0x00000000a0000138                _end = .
                0x00000000a0000138                _bss_end = .
                0x0000000000004000                _bmxdudba_address = LENGTH (kseg1_data_mem)
                0x0000000000004000                _bmxdupba_address = LENGTH (kseg1_data_mem)

/DISCARD/
 *(.pdr)
 *(.rel.dyn)
 *(.note.GNU-stack)
 *(.note.GNU-stack)
 *(.gnu_debuglink)
 *(.gnu.lto_*)
 *(.discard)

.gptab.sdata
 *(.gptab.data)
 *(.gptab.sdata)

.gptab.sbss
 *(.gptab.bss)
 *(.gptab.sbss)

.mdebug.abi32   0x00000000a0000138        0x0
 *(.mdebug.abi32)
 .mdebug.abi32  0x00000000a0000138        0x0 build/default/production/_ext/1329943840/BumperService.o
 .mdebug.abi32  0x00000000a0000138        0x0 build/default/production/_ext/1329943840/DeadBot.o
 .mdebug.abi32  0x00000000a0000138        0x0 build/default/production/_ext/1329943840/ES_Main.o
 .mdebug.abi32  0x00000000a0000138        0x0 build/default/production/_ext/1329943840/EventChecker.o
 .mdebug.abi32  0x00000000a0000138        0x0 build/default/production/_ext/1329943840/FindPath.o
 .mdebug.abi32  0x00000000a0000138        0x0 build/default/production/_ext/1329943840/ReverseShark.o
 .mdebug.abi32  0x00000000a0000138        0x0 build/default/production/_ext/1329943840/ReverseSideTapeService.o
 .mdebug.abi32  0x00000000a0000138        0x0 build/default/production/_ext/1329943840/SecondTower.o
 .mdebug.abi32  0x00000000a0000138        0x0 build/default/production/_ext/1329943840/Service.o
 .mdebug.abi32  0x00000000a0000138        0x0 build/default/production/_ext/1329943840/SideTapeService.o
 .mdebug.abi32  0x00000000a0000138        0x0 build/default/production/_ext/1329943840/TapeService.o
 .mdebug.abi32  0x00000000a0000138        0x0 build/default/production/_ext/1329943840/TheBrain.o
 .mdebug.abi32  0x00000000a0000138        0x0 build/default/production/_ext/1329943840/TowerSearch.o
 .mdebug.abi32  0x00000000a0000138        0x0 build/default/production/_ext/1329943840/TowerShark.o
 .mdebug.abi32  0x00000000a0000138        0x0 build/default/production/_ext/1329943840/TrackWireService.o
 .mdebug.abi32  0x00000000a0000138        0x0 build/default/production/_ext/1329943840/motors.o
 .mdebug.abi32  0x00000000a0000138        0x0 build/default/production/_ext/1329943840/shooting.o
 .mdebug.abi32  0x00000000a0000138        0x0 build/default/production/_ext/1975241074/AD.o
 .mdebug.abi32  0x00000000a0000138        0x0 build/default/production/_ext/1975241074/BOARD.o
 .mdebug.abi32  0x00000000a0000138        0x0 build/default/production/_ext/1975241074/ES_CheckEvents.o
 .mdebug.abi32  0x00000000a0000138        0x0 build/default/production/_ext/1975241074/ES_Framework.o
 .mdebug.abi32  0x00000000a0000138        0x0 build/default/production/_ext/1975241074/ES_KeyboardInput.o
 .mdebug.abi32  0x00000000a0000138        0x0 build/default/production/_ext/1975241074/ES_PostList.o
 .mdebug.abi32  0x00000000a0000138        0x0 build/default/production/_ext/1975241074/ES_Queue.o
 .mdebug.abi32  0x00000000a0000138        0x0 build/default/production/_ext/1975241074/ES_TattleTale.o
 .mdebug.abi32  0x00000000a0000138        0x0 build/default/production/_ext/1975241074/ES_Timers.o
 .mdebug.abi32  0x00000000a0000138        0x0 build/default/production/_ext/1975241074/IO_Ports.o
 .mdebug.abi32  0x00000000a0000138        0x0 build/default/production/_ext/1975241074/LED.o
 .mdebug.abi32  0x00000000a0000138        0x0 build/default/production/_ext/1975241074/RC_Servo.o
 .mdebug.abi32  0x00000000a0000138        0x0 build/default/production/_ext/1975241074/pwm.o
 .mdebug.abi32  0x00000000a0000138        0x0 build/default/production/_ext/1975241074/serial.o
 .mdebug.abi32  0x00000000a0000138        0x0 build/default/production/_ext/1975241074/timers.o
 .mdebug.abi32  0x00000000a0000138        0x0 c:/program files/microchip/xc32/v3.01/bin/bin/../../lib/gcc/pic32mx/8.3.1\libgcc.a(floatunsisf.o)
 .mdebug.abi32  0x00000000a0000138        0x0 c:/program files/microchip/xc32/v3.01/bin/bin/../../lib/gcc/pic32mx/8.3.1/../../../../pic32mx/lib\libpic32.a(default-bootstrap-exception-handler.o)
 .mdebug.abi32  0x00000000a0000138        0x0 c:/program files/microchip/xc32/v3.01/bin/bin/../../lib/gcc/pic32mx/8.3.1/../../../../pic32mx/lib\libpic32.a(default-on-reset.o)
 .mdebug.abi32  0x00000000a0000138        0x0 c:/program files/microchip/xc32/v3.01/bin/bin/../../lib/gcc/pic32mx/8.3.1/../../../../pic32mx/lib\libpic32.a(default-on-bootstrap.o)
 .mdebug.abi32  0x00000000a0000138        0x0 c:/program files/microchip/xc32/v3.01/bin/bin/../../lib/gcc/pic32mx/8.3.1/../../../../pic32mx/lib\libpic32.a(default-general-exception-handler.o)
 .mdebug.abi32  0x00000000a0000138        0x0 c:/program files/microchip/xc32/v3.01/bin/bin/../../lib/gcc/pic32mx/8.3.1/../../../../pic32mx/lib\libpic32.a(defaultinterrupt.o)
 .mdebug.abi32  0x00000000a0000138        0x0 c:/program files/microchip/xc32/v3.01/bin/bin/../../lib/gcc/pic32mx/8.3.1/../../../../pic32mx/lib\liblega-c.a(fputs.o)
 .mdebug.abi32  0x00000000a0000138        0x0 c:/program files/microchip/xc32/v3.01/bin/bin/../../lib/gcc/pic32mx/8.3.1/../../../../pic32mx/lib\liblega-c.a(printf_cdnopuxX.eo)
 .mdebug.abi32  0x00000000a0000138        0x0 c:/program files/microchip/xc32/v3.01/bin/bin/../../lib/gcc/pic32mx/8.3.1/../../../../pic32mx/lib\liblega-c.a(strlen.o)
 .mdebug.abi32  0x00000000a0000138        0x0 c:/program files/microchip/xc32/v3.01/bin/bin/../../lib/gcc/pic32mx/8.3.1/../../../../pic32mx/lib\liblega-c.a(_doprnt_cdnopuxX.eo)
 .mdebug.abi32  0x00000000a0000138        0x0 c:/program files/microchip/xc32/v3.01/bin/bin/../../lib/gcc/pic32mx/8.3.1/../../../../pic32mx/lib\liblega-c.a(_iobdata.o)
 .mdebug.abi32  0x00000000a0000138        0x0 c:/program files/microchip/xc32/v3.01/bin/bin/../../lib/gcc/pic32mx/8.3.1/../../../../pic32mx/lib\liblega-c.a(_iobfuncs.o)
 .mdebug.abi32  0x00000000a0000138        0x0 c:/program files/microchip/xc32/v3.01/bin/bin/../../lib/gcc/pic32mx/8.3.1/../../../../pic32mx/lib\liblega-c.a(fputc.o)
 .mdebug.abi32  0x00000000a0000138        0x0 c:/program files/microchip/xc32/v3.01/bin/bin/../../lib/gcc/pic32mx/8.3.1/../../../../pic32mx/lib\liblega-c.a(errno.o)
 .mdebug.abi32  0x00000000a0000138        0x0 c:/program files/microchip/xc32/v3.01/bin/bin/../../lib/gcc/pic32mx/8.3.1\libgcc.a(_udivdi3.o)
 .mdebug.abi32  0x00000000a0000138        0x0 c:/program files/microchip/xc32/v3.01/bin/bin/../../lib/gcc/pic32mx/8.3.1\libgcc.a(_umoddi3.o)
 .mdebug.abi32  0x00000000a0000138        0x0 c:/program files/microchip/xc32/v3.01/bin/bin/../../lib/gcc/pic32mx/8.3.1/../../../../pic32mx/lib\libpic32.a(_mon_write.o)

.mdebug.abiN32
 *(.mdebug.abiN32)

.mdebug.abi64
 *(.mdebug.abi64)

.mdebug.abiO64
 *(.mdebug.abiO64)

.mdebug.eabi32
 *(.mdebug.eabi32)

.mdebug.eabi64
 *(.mdebug.eabi64)

.gcc_compiled_long32
 *(.gcc_compiled_long32)

.gcc_compiled_long64
 *(.gcc_compiled_long64)

.stab
 *(.stab)

.stabstr
 *(.stabstr)

.stab.excl
 *(.stab.excl)

.stab.exclstr
 *(.stab.exclstr)

.stab.index
 *(.stab.index)

.stab.indexstr
 *(.stab.indexstr)

.comment        0x0000000000000000      0x2da
 *(.comment)
 .comment       0x0000000000000000       0x53 build/default/production/_ext/1329943840/BumperService.o
                                         0x54 (size before relaxing)
 .comment       0x0000000000000053       0x54 build/default/production/_ext/1329943840/DeadBot.o
 .comment       0x0000000000000053       0x54 build/default/production/_ext/1329943840/ES_Main.o
 .comment       0x0000000000000053       0x54 build/default/production/_ext/1329943840/EventChecker.o
 .comment       0x0000000000000053       0x54 build/default/production/_ext/1329943840/FindPath.o
 .comment       0x0000000000000053       0x54 build/default/production/_ext/1329943840/ReverseShark.o
 .comment       0x0000000000000053       0x54 build/default/production/_ext/1329943840/ReverseSideTapeService.o
 .comment       0x0000000000000053       0x54 build/default/production/_ext/1329943840/SecondTower.o
 .comment       0x0000000000000053       0x54 build/default/production/_ext/1329943840/Service.o
 .comment       0x0000000000000053       0x54 build/default/production/_ext/1329943840/SideTapeService.o
 .comment       0x0000000000000053       0x54 build/default/production/_ext/1329943840/TapeService.o
 .comment       0x0000000000000053       0x54 build/default/production/_ext/1329943840/TheBrain.o
 .comment       0x0000000000000053       0x54 build/default/production/_ext/1329943840/TowerSearch.o
 .comment       0x0000000000000053       0x54 build/default/production/_ext/1329943840/TowerShark.o
 .comment       0x0000000000000053       0x54 build/default/production/_ext/1329943840/TrackWireService.o
 .comment       0x0000000000000053       0x54 build/default/production/_ext/1329943840/motors.o
 .comment       0x0000000000000053       0x54 build/default/production/_ext/1329943840/shooting.o
 .comment       0x0000000000000053       0x54 build/default/production/_ext/1975241074/AD.o
 .comment       0x0000000000000053       0x54 build/default/production/_ext/1975241074/BOARD.o
 .comment       0x0000000000000053       0x54 build/default/production/_ext/1975241074/ES_CheckEvents.o
 .comment       0x0000000000000053       0x54 build/default/production/_ext/1975241074/ES_Framework.o
 .comment       0x0000000000000053       0x54 build/default/production/_ext/1975241074/ES_KeyboardInput.o
 .comment       0x0000000000000053       0x54 build/default/production/_ext/1975241074/ES_PostList.o
 .comment       0x0000000000000053       0x54 build/default/production/_ext/1975241074/ES_Queue.o
 .comment       0x0000000000000053       0x54 build/default/production/_ext/1975241074/ES_TattleTale.o
 .comment       0x0000000000000053       0x54 build/default/production/_ext/1975241074/ES_Timers.o
 .comment       0x0000000000000053       0x54 build/default/production/_ext/1975241074/IO_Ports.o
 .comment       0x0000000000000053       0x54 build/default/production/_ext/1975241074/LED.o
 .comment       0x0000000000000053       0x54 build/default/production/_ext/1975241074/RC_Servo.o
 .comment       0x0000000000000053       0x54 build/default/production/_ext/1975241074/pwm.o
 .comment       0x0000000000000053       0x54 build/default/production/_ext/1975241074/serial.o
 .comment       0x0000000000000053       0x54 build/default/production/_ext/1975241074/timers.o
 .comment       0x0000000000000053       0x54 c:/program files/microchip/xc32/v3.01/bin/bin/../../lib/gcc/pic32mx/8.3.1\libgcc.a(floatunsisf.o)
 .comment       0x0000000000000053       0x54 c:/program files/microchip/xc32/v3.01/bin/bin/../../lib/gcc/pic32mx/8.3.1/../../../../pic32mx/lib\libpic32.a(default-bootstrap-exception-handler.o)
 .comment       0x0000000000000053       0x54 c:/program files/microchip/xc32/v3.01/bin/bin/../../lib/gcc/pic32mx/8.3.1/../../../../pic32mx/lib\libpic32.a(default-on-reset.o)
 .comment       0x0000000000000053       0x54 c:/program files/microchip/xc32/v3.01/bin/bin/../../lib/gcc/pic32mx/8.3.1/../../../../pic32mx/lib\libpic32.a(default-on-bootstrap.o)
 .comment       0x0000000000000053       0x54 c:/program files/microchip/xc32/v3.01/bin/bin/../../lib/gcc/pic32mx/8.3.1/../../../../pic32mx/lib\libpic32.a(default-general-exception-handler.o)
 .comment       0x0000000000000053       0x54 c:/program files/microchip/xc32/v3.01/bin/bin/../../lib/gcc/pic32mx/8.3.1/../../../../pic32mx/lib\libpic32.a(defaultinterrupt.o)
 .comment       0x0000000000000053       0x50 c:/program files/microchip/xc32/v3.01/bin/bin/../../lib/gcc/pic32mx/8.3.1/../../../../pic32mx/lib\liblega-c.a(fputs.o)
                                         0xa4 (size before relaxing)
 .comment       0x00000000000000a3       0x51 c:/program files/microchip/xc32/v3.01/bin/bin/../../lib/gcc/pic32mx/8.3.1/../../../../pic32mx/lib\liblega-c.a(printf_cdnopuxX.eo)
                                         0xa5 (size before relaxing)
 .comment       0x00000000000000f4       0x4f c:/program files/microchip/xc32/v3.01/bin/bin/../../lib/gcc/pic32mx/8.3.1/../../../../pic32mx/lib\liblega-c.a(strlen.o)
                                         0xa3 (size before relaxing)
 .comment       0x0000000000000143       0x52 c:/program files/microchip/xc32/v3.01/bin/bin/../../lib/gcc/pic32mx/8.3.1/../../../../pic32mx/lib\liblega-c.a(_doprnt_cdnopuxX.eo)
                                         0xa6 (size before relaxing)
 .comment       0x0000000000000195       0x53 c:/program files/microchip/xc32/v3.01/bin/bin/../../lib/gcc/pic32mx/8.3.1/../../../../pic32mx/lib\liblega-c.a(_iobdata.o)
                                         0xa7 (size before relaxing)
 .comment       0x00000000000001e8       0x54 c:/program files/microchip/xc32/v3.01/bin/bin/../../lib/gcc/pic32mx/8.3.1/../../../../pic32mx/lib\liblega-c.a(_iobfuncs.o)
                                         0xa8 (size before relaxing)
 .comment       0x000000000000023c       0x50 c:/program files/microchip/xc32/v3.01/bin/bin/../../lib/gcc/pic32mx/8.3.1/../../../../pic32mx/lib\liblega-c.a(fputc.o)
                                         0xa4 (size before relaxing)
 .comment       0x000000000000028c       0x4e c:/program files/microchip/xc32/v3.01/bin/bin/../../lib/gcc/pic32mx/8.3.1/../../../../pic32mx/lib\liblega-c.a(errno.o)
                                         0xa2 (size before relaxing)
 .comment       0x00000000000002da       0x54 c:/program files/microchip/xc32/v3.01/bin/bin/../../lib/gcc/pic32mx/8.3.1\libgcc.a(_udivdi3.o)
 .comment       0x00000000000002da       0x54 c:/program files/microchip/xc32/v3.01/bin/bin/../../lib/gcc/pic32mx/8.3.1\libgcc.a(_umoddi3.o)
 .comment       0x00000000000002da       0x54 c:/program files/microchip/xc32/v3.01/bin/bin/../../lib/gcc/pic32mx/8.3.1/../../../../pic32mx/lib\libpic32.a(_mon_write.o)

.debug
 *(.debug)

.line
 *(.line)

.debug_srcinfo
 *(.debug_srcinfo)

.debug_sfnames
 *(.debug_sfnames)

.debug_aranges  0x0000000000000000      0x510
 *(.debug_aranges)
 .debug_aranges
                0x0000000000000000       0x20 build/default/production/_ext/1329943840/BumperService.o
 .debug_aranges
                0x0000000000000020       0x20 build/default/production/_ext/1329943840/DeadBot.o
 .debug_aranges
                0x0000000000000040       0x20 build/default/production/_ext/1329943840/ES_Main.o
 .debug_aranges
                0x0000000000000060       0x20 build/default/production/_ext/1329943840/EventChecker.o
 .debug_aranges
                0x0000000000000080       0x20 build/default/production/_ext/1329943840/FindPath.o
 .debug_aranges
                0x00000000000000a0       0x20 build/default/production/_ext/1329943840/ReverseShark.o
 .debug_aranges
                0x00000000000000c0       0x20 build/default/production/_ext/1329943840/ReverseSideTapeService.o
 .debug_aranges
                0x00000000000000e0       0x20 build/default/production/_ext/1329943840/SecondTower.o
 .debug_aranges
                0x0000000000000100       0x20 build/default/production/_ext/1329943840/Service.o
 .debug_aranges
                0x0000000000000120       0x20 build/default/production/_ext/1329943840/SideTapeService.o
 .debug_aranges
                0x0000000000000140       0x20 build/default/production/_ext/1329943840/TapeService.o
 .debug_aranges
                0x0000000000000160       0x20 build/default/production/_ext/1329943840/TheBrain.o
 .debug_aranges
                0x0000000000000180       0x20 build/default/production/_ext/1329943840/TowerSearch.o
 .debug_aranges
                0x00000000000001a0       0x20 build/default/production/_ext/1329943840/TowerShark.o
 .debug_aranges
                0x00000000000001c0       0x20 build/default/production/_ext/1329943840/TrackWireService.o
 .debug_aranges
                0x00000000000001e0       0x20 build/default/production/_ext/1329943840/motors.o
 .debug_aranges
                0x0000000000000200       0x20 build/default/production/_ext/1329943840/shooting.o
 .debug_aranges
                0x0000000000000220       0x20 build/default/production/_ext/1975241074/AD.o
 .debug_aranges
                0x0000000000000240       0x20 build/default/production/_ext/1975241074/BOARD.o
 .debug_aranges
                0x0000000000000260       0x20 build/default/production/_ext/1975241074/ES_CheckEvents.o
 .debug_aranges
                0x0000000000000280       0x20 build/default/production/_ext/1975241074/ES_Framework.o
 .debug_aranges
                0x00000000000002a0       0x20 build/default/production/_ext/1975241074/ES_KeyboardInput.o
 .debug_aranges
                0x00000000000002c0       0x18 build/default/production/_ext/1975241074/ES_PostList.o
 .debug_aranges
                0x00000000000002d8       0x20 build/default/production/_ext/1975241074/ES_Queue.o
 .debug_aranges
                0x00000000000002f8       0x18 build/default/production/_ext/1975241074/ES_TattleTale.o
 .debug_aranges
                0x0000000000000310       0x20 build/default/production/_ext/1975241074/ES_Timers.o
 .debug_aranges
                0x0000000000000330       0x20 build/default/production/_ext/1975241074/IO_Ports.o
 .debug_aranges
                0x0000000000000350       0x20 build/default/production/_ext/1975241074/LED.o
 .debug_aranges
                0x0000000000000370       0x20 build/default/production/_ext/1975241074/RC_Servo.o
 .debug_aranges
                0x0000000000000390       0x20 build/default/production/_ext/1975241074/pwm.o
 .debug_aranges
                0x00000000000003b0       0x20 build/default/production/_ext/1975241074/serial.o
 .debug_aranges
                0x00000000000003d0       0x20 build/default/production/_ext/1975241074/timers.o
 .debug_aranges
                0x00000000000003f0       0x20 c:/program files/microchip/xc32/v3.01/bin/bin/../../lib/gcc/pic32mx/8.3.1\libgcc.a(floatunsisf.o)
 .debug_aranges
                0x0000000000000410       0x20 c:/program files/microchip/xc32/v3.01/bin/bin/../../lib/gcc/pic32mx/8.3.1/../../../../pic32mx/lib\libpic32.a(default-bootstrap-exception-handler.o)
 .debug_aranges
                0x0000000000000430       0x20 c:/program files/microchip/xc32/v3.01/bin/bin/../../lib/gcc/pic32mx/8.3.1/../../../../pic32mx/lib\libpic32.a(default-on-reset.o)
 .debug_aranges
                0x0000000000000450       0x20 c:/program files/microchip/xc32/v3.01/bin/bin/../../lib/gcc/pic32mx/8.3.1/../../../../pic32mx/lib\libpic32.a(default-on-bootstrap.o)
 .debug_aranges
                0x0000000000000470       0x20 c:/program files/microchip/xc32/v3.01/bin/bin/../../lib/gcc/pic32mx/8.3.1/../../../../pic32mx/lib\libpic32.a(default-general-exception-handler.o)
 .debug_aranges
                0x0000000000000490       0x20 c:/program files/microchip/xc32/v3.01/bin/bin/../../lib/gcc/pic32mx/8.3.1/../../../../pic32mx/lib\libpic32.a(defaultinterrupt.o)
 .debug_aranges
                0x00000000000004b0       0x20 c:/program files/microchip/xc32/v3.01/bin/bin/../../lib/gcc/pic32mx/8.3.1\libgcc.a(_udivdi3.o)
 .debug_aranges
                0x00000000000004d0       0x20 c:/program files/microchip/xc32/v3.01/bin/bin/../../lib/gcc/pic32mx/8.3.1\libgcc.a(_umoddi3.o)
 .debug_aranges
                0x00000000000004f0       0x20 c:/program files/microchip/xc32/v3.01/bin/bin/../../lib/gcc/pic32mx/8.3.1/../../../../pic32mx/lib\libpic32.a(_mon_write.o)

.debug_pubnames
 *(.debug_pubnames)

.debug_info     0x0000000000000000   0x103f60
 *(.debug_info .gnu.linkonce.wi.*)
 .debug_info    0x0000000000000000     0xabe2 build/default/production/_ext/1329943840/BumperService.o
 .debug_info    0x000000000000abe2     0xabf7 build/default/production/_ext/1329943840/DeadBot.o
 .debug_info    0x00000000000157d9     0xaa28 build/default/production/_ext/1329943840/ES_Main.o
 .debug_info    0x0000000000020201      0x694 build/default/production/_ext/1329943840/EventChecker.o
 .debug_info    0x0000000000020895     0xaa0a build/default/production/_ext/1329943840/FindPath.o
 .debug_info    0x000000000002b29f     0xac09 build/default/production/_ext/1329943840/ReverseShark.o
 .debug_info    0x0000000000035ea8     0xabd3 build/default/production/_ext/1329943840/ReverseSideTapeService.o
 .debug_info    0x0000000000040a7b     0xac09 build/default/production/_ext/1329943840/SecondTower.o
 .debug_info    0x000000000004b684      0x5b8 build/default/production/_ext/1329943840/Service.o
 .debug_info    0x000000000004bc3c     0xabd3 build/default/production/_ext/1329943840/SideTapeService.o
 .debug_info    0x000000000005680f     0xabd3 build/default/production/_ext/1329943840/TapeService.o
 .debug_info    0x00000000000613e2     0xac28 build/default/production/_ext/1329943840/TheBrain.o
 .debug_info    0x000000000006c00a     0xac84 build/default/production/_ext/1329943840/TowerSearch.o
 .debug_info    0x0000000000076c8e     0xac15 build/default/production/_ext/1329943840/TowerShark.o
 .debug_info    0x00000000000818a3      0x579 build/default/production/_ext/1329943840/TrackWireService.o
 .debug_info    0x0000000000081e1c     0xab71 build/default/production/_ext/1329943840/motors.o
 .debug_info    0x000000000008c98d     0xa973 build/default/production/_ext/1329943840/shooting.o
 .debug_info    0x0000000000097300     0xac75 build/default/production/_ext/1975241074/AD.o
 .debug_info    0x00000000000a1f75     0xa6f4 build/default/production/_ext/1975241074/BOARD.o
 .debug_info    0x00000000000ac669      0x17c build/default/production/_ext/1975241074/ES_CheckEvents.o
 .debug_info    0x00000000000ac7e5      0x840 build/default/production/_ext/1975241074/ES_Framework.o
 .debug_info    0x00000000000ad025      0x5b0 build/default/production/_ext/1975241074/ES_KeyboardInput.o
 .debug_info    0x00000000000ad5d5       0x8a build/default/production/_ext/1975241074/ES_PostList.o
 .debug_info    0x00000000000ad65f      0x370 build/default/production/_ext/1975241074/ES_Queue.o
 .debug_info    0x00000000000ad9cf     0xa9bc build/default/production/_ext/1975241074/ES_TattleTale.o
 .debug_info    0x00000000000b838b     0xaa93 build/default/production/_ext/1975241074/ES_Timers.o
 .debug_info    0x00000000000c2e1e     0xabbc build/default/production/_ext/1975241074/IO_Ports.o
 .debug_info    0x00000000000cd9da     0xaa67 build/default/production/_ext/1975241074/LED.o
 .debug_info    0x00000000000d8441     0xaa81 build/default/production/_ext/1975241074/RC_Servo.o
 .debug_info    0x00000000000e2ec2     0xabc6 build/default/production/_ext/1975241074/pwm.o
 .debug_info    0x00000000000eda88     0xa8d8 build/default/production/_ext/1975241074/serial.o
 .debug_info    0x00000000000f8360     0xa8a9 build/default/production/_ext/1975241074/timers.o
 .debug_info    0x0000000000102c09       0x9d c:/program files/microchip/xc32/v3.01/bin/bin/../../lib/gcc/pic32mx/8.3.1\libgcc.a(floatunsisf.o)
 .debug_info    0x0000000000102ca6       0x41 c:/program files/microchip/xc32/v3.01/bin/bin/../../lib/gcc/pic32mx/8.3.1/../../../../pic32mx/lib\libpic32.a(default-bootstrap-exception-handler.o)
 .debug_info    0x0000000000102ce7       0x3f c:/program files/microchip/xc32/v3.01/bin/bin/../../lib/gcc/pic32mx/8.3.1/../../../../pic32mx/lib\libpic32.a(default-on-reset.o)
 .debug_info    0x0000000000102d26       0x3f c:/program files/microchip/xc32/v3.01/bin/bin/../../lib/gcc/pic32mx/8.3.1/../../../../pic32mx/lib\libpic32.a(default-on-bootstrap.o)
 .debug_info    0x0000000000102d65       0x41 c:/program files/microchip/xc32/v3.01/bin/bin/../../lib/gcc/pic32mx/8.3.1/../../../../pic32mx/lib\libpic32.a(default-general-exception-handler.o)
 .debug_info    0x0000000000102da6       0x40 c:/program files/microchip/xc32/v3.01/bin/bin/../../lib/gcc/pic32mx/8.3.1/../../../../pic32mx/lib\libpic32.a(defaultinterrupt.o)
 .debug_info    0x0000000000102de6      0x85c c:/program files/microchip/xc32/v3.01/bin/bin/../../lib/gcc/pic32mx/8.3.1\libgcc.a(_udivdi3.o)
 .debug_info    0x0000000000103642      0x8d4 c:/program files/microchip/xc32/v3.01/bin/bin/../../lib/gcc/pic32mx/8.3.1\libgcc.a(_umoddi3.o)
 .debug_info    0x0000000000103f16       0x4a c:/program files/microchip/xc32/v3.01/bin/bin/../../lib/gcc/pic32mx/8.3.1/../../../../pic32mx/lib\libpic32.a(_mon_write.o)

.debug_abbrev   0x0000000000000000     0x4bb9
 *(.debug_abbrev)
 .debug_abbrev  0x0000000000000000      0x284 build/default/production/_ext/1329943840/BumperService.o
 .debug_abbrev  0x0000000000000284      0x29c build/default/production/_ext/1329943840/DeadBot.o
 .debug_abbrev  0x0000000000000520      0x23e build/default/production/_ext/1329943840/ES_Main.o
 .debug_abbrev  0x000000000000075e      0x16c build/default/production/_ext/1329943840/EventChecker.o
 .debug_abbrev  0x00000000000008ca      0x24f build/default/production/_ext/1329943840/FindPath.o
 .debug_abbrev  0x0000000000000b19      0x29c build/default/production/_ext/1329943840/ReverseShark.o
 .debug_abbrev  0x0000000000000db5      0x284 build/default/production/_ext/1329943840/ReverseSideTapeService.o
 .debug_abbrev  0x0000000000001039      0x29c build/default/production/_ext/1329943840/SecondTower.o
 .debug_abbrev  0x00000000000012d5      0x17d build/default/production/_ext/1329943840/Service.o
 .debug_abbrev  0x0000000000001452      0x284 build/default/production/_ext/1329943840/SideTapeService.o
 .debug_abbrev  0x00000000000016d6      0x284 build/default/production/_ext/1329943840/TapeService.o
 .debug_abbrev  0x000000000000195a      0x284 build/default/production/_ext/1329943840/TheBrain.o
 .debug_abbrev  0x0000000000001bde      0x2da build/default/production/_ext/1329943840/TowerSearch.o
 .debug_abbrev  0x0000000000001eb8      0x29c build/default/production/_ext/1329943840/TowerShark.o
 .debug_abbrev  0x0000000000002154      0x17d build/default/production/_ext/1329943840/TrackWireService.o
 .debug_abbrev  0x00000000000022d1      0x23e build/default/production/_ext/1329943840/motors.o
 .debug_abbrev  0x000000000000250f      0x211 build/default/production/_ext/1329943840/shooting.o
 .debug_abbrev  0x0000000000002720      0x30b build/default/production/_ext/1975241074/AD.o
 .debug_abbrev  0x0000000000002a2b      0x1d2 build/default/production/_ext/1975241074/BOARD.o
 .debug_abbrev  0x0000000000002bfd       0xd3 build/default/production/_ext/1975241074/ES_CheckEvents.o
 .debug_abbrev  0x0000000000002cd0      0x21a build/default/production/_ext/1975241074/ES_Framework.o
 .debug_abbrev  0x0000000000002eea      0x1b5 build/default/production/_ext/1975241074/ES_KeyboardInput.o
 .debug_abbrev  0x000000000000309f       0x59 build/default/production/_ext/1975241074/ES_PostList.o
 .debug_abbrev  0x00000000000030f8      0x12c build/default/production/_ext/1975241074/ES_Queue.o
 .debug_abbrev  0x0000000000003224      0x204 build/default/production/_ext/1975241074/ES_TattleTale.o
 .debug_abbrev  0x0000000000003428      0x2a7 build/default/production/_ext/1975241074/ES_Timers.o
 .debug_abbrev  0x00000000000036cf      0x262 build/default/production/_ext/1975241074/IO_Ports.o
 .debug_abbrev  0x0000000000003931      0x29e build/default/production/_ext/1975241074/LED.o
 .debug_abbrev  0x0000000000003bcf      0x2de build/default/production/_ext/1975241074/RC_Servo.o
 .debug_abbrev  0x0000000000003ead      0x2da build/default/production/_ext/1975241074/pwm.o
 .debug_abbrev  0x0000000000004187      0x2ae build/default/production/_ext/1975241074/serial.o
 .debug_abbrev  0x0000000000004435      0x21b build/default/production/_ext/1975241074/timers.o
 .debug_abbrev  0x0000000000004650       0x7d c:/program files/microchip/xc32/v3.01/bin/bin/../../lib/gcc/pic32mx/8.3.1\libgcc.a(floatunsisf.o)
 .debug_abbrev  0x00000000000046cd       0x31 c:/program files/microchip/xc32/v3.01/bin/bin/../../lib/gcc/pic32mx/8.3.1/../../../../pic32mx/lib\libpic32.a(default-bootstrap-exception-handler.o)
 .debug_abbrev  0x00000000000046fe       0x2e c:/program files/microchip/xc32/v3.01/bin/bin/../../lib/gcc/pic32mx/8.3.1/../../../../pic32mx/lib\libpic32.a(default-on-reset.o)
 .debug_abbrev  0x000000000000472c       0x2e c:/program files/microchip/xc32/v3.01/bin/bin/../../lib/gcc/pic32mx/8.3.1/../../../../pic32mx/lib\libpic32.a(default-on-bootstrap.o)
 .debug_abbrev  0x000000000000475a       0x31 c:/program files/microchip/xc32/v3.01/bin/bin/../../lib/gcc/pic32mx/8.3.1/../../../../pic32mx/lib\libpic32.a(default-general-exception-handler.o)
 .debug_abbrev  0x000000000000478b       0x31 c:/program files/microchip/xc32/v3.01/bin/bin/../../lib/gcc/pic32mx/8.3.1/../../../../pic32mx/lib\libpic32.a(defaultinterrupt.o)
 .debug_abbrev  0x00000000000047bc      0x1d8 c:/program files/microchip/xc32/v3.01/bin/bin/../../lib/gcc/pic32mx/8.3.1\libgcc.a(_udivdi3.o)
 .debug_abbrev  0x0000000000004994      0x1ee c:/program files/microchip/xc32/v3.01/bin/bin/../../lib/gcc/pic32mx/8.3.1\libgcc.a(_umoddi3.o)
 .debug_abbrev  0x0000000000004b82       0x37 c:/program files/microchip/xc32/v3.01/bin/bin/../../lib/gcc/pic32mx/8.3.1/../../../../pic32mx/lib\libpic32.a(_mon_write.o)

.debug_line     0x0000000000000000     0x6dee
 *(.debug_line)
 .debug_line    0x0000000000000000      0x2ef build/default/production/_ext/1329943840/BumperService.o
 .debug_line    0x00000000000002ef      0x36a build/default/production/_ext/1329943840/DeadBot.o
 .debug_line    0x0000000000000659      0x273 build/default/production/_ext/1329943840/ES_Main.o
 .debug_line    0x00000000000008cc      0x24f build/default/production/_ext/1329943840/EventChecker.o
 .debug_line    0x0000000000000b1b      0x259 build/default/production/_ext/1329943840/FindPath.o
 .debug_line    0x0000000000000d74      0x3e8 build/default/production/_ext/1329943840/ReverseShark.o
 .debug_line    0x000000000000115c      0x2ce build/default/production/_ext/1329943840/ReverseSideTapeService.o
 .debug_line    0x000000000000142a      0x3f9 build/default/production/_ext/1329943840/SecondTower.o
 .debug_line    0x0000000000001823      0x1e9 build/default/production/_ext/1329943840/Service.o
 .debug_line    0x0000000000001a0c      0x2cd build/default/production/_ext/1329943840/SideTapeService.o
 .debug_line    0x0000000000001cd9      0x2db build/default/production/_ext/1329943840/TapeService.o
 .debug_line    0x0000000000001fb4      0x434 build/default/production/_ext/1329943840/TheBrain.o
 .debug_line    0x00000000000023e8      0x3da build/default/production/_ext/1329943840/TowerSearch.o
 .debug_line    0x00000000000027c2      0x46f build/default/production/_ext/1329943840/TowerShark.o
 .debug_line    0x0000000000002c31      0x1d6 build/default/production/_ext/1329943840/TrackWireService.o
 .debug_line    0x0000000000002e07      0x319 build/default/production/_ext/1329943840/motors.o
 .debug_line    0x0000000000003120      0x20c build/default/production/_ext/1329943840/shooting.o
 .debug_line    0x000000000000332c      0x47b build/default/production/_ext/1975241074/AD.o
 .debug_line    0x00000000000037a7      0x1a5 build/default/production/_ext/1975241074/BOARD.o
 .debug_line    0x000000000000394c      0x192 build/default/production/_ext/1975241074/ES_CheckEvents.o
 .debug_line    0x0000000000003ade      0x2ba build/default/production/_ext/1975241074/ES_Framework.o
 .debug_line    0x0000000000003d98      0x1d6 build/default/production/_ext/1975241074/ES_KeyboardInput.o
 .debug_line    0x0000000000003f6e       0x5b build/default/production/_ext/1975241074/ES_PostList.o
 .debug_line    0x0000000000003fc9      0x207 build/default/production/_ext/1975241074/ES_Queue.o
 .debug_line    0x00000000000041d0      0x217 build/default/production/_ext/1975241074/ES_TattleTale.o
 .debug_line    0x00000000000043e7      0x34c build/default/production/_ext/1975241074/ES_Timers.o
 .debug_line    0x0000000000004733      0x3c1 build/default/production/_ext/1975241074/IO_Ports.o
 .debug_line    0x0000000000004af4      0x5ea build/default/production/_ext/1975241074/LED.o
 .debug_line    0x00000000000050de      0x4e6 build/default/production/_ext/1975241074/RC_Servo.o
 .debug_line    0x00000000000055c4      0x3eb build/default/production/_ext/1975241074/pwm.o
 .debug_line    0x00000000000059af      0x31d build/default/production/_ext/1975241074/serial.o
 .debug_line    0x0000000000005ccc      0x2a4 build/default/production/_ext/1975241074/timers.o
 .debug_line    0x0000000000005f70       0xba c:/program files/microchip/xc32/v3.01/bin/bin/../../lib/gcc/pic32mx/8.3.1\libgcc.a(floatunsisf.o)
 .debug_line    0x000000000000602a       0xca c:/program files/microchip/xc32/v3.01/bin/bin/../../lib/gcc/pic32mx/8.3.1/../../../../pic32mx/lib\libpic32.a(default-bootstrap-exception-handler.o)
 .debug_line    0x00000000000060f4       0xa6 c:/program files/microchip/xc32/v3.01/bin/bin/../../lib/gcc/pic32mx/8.3.1/../../../../pic32mx/lib\libpic32.a(default-on-reset.o)
 .debug_line    0x000000000000619a       0xaa c:/program files/microchip/xc32/v3.01/bin/bin/../../lib/gcc/pic32mx/8.3.1/../../../../pic32mx/lib\libpic32.a(default-on-bootstrap.o)
 .debug_line    0x0000000000006244       0xc8 c:/program files/microchip/xc32/v3.01/bin/bin/../../lib/gcc/pic32mx/8.3.1/../../../../pic32mx/lib\libpic32.a(default-general-exception-handler.o)
 .debug_line    0x000000000000630c       0xc9 c:/program files/microchip/xc32/v3.01/bin/bin/../../lib/gcc/pic32mx/8.3.1/../../../../pic32mx/lib\libpic32.a(defaultinterrupt.o)
 .debug_line    0x00000000000063d5      0x490 c:/program files/microchip/xc32/v3.01/bin/bin/../../lib/gcc/pic32mx/8.3.1\libgcc.a(_udivdi3.o)
 .debug_line    0x0000000000006865      0x4d9 c:/program files/microchip/xc32/v3.01/bin/bin/../../lib/gcc/pic32mx/8.3.1\libgcc.a(_umoddi3.o)
 .debug_line    0x0000000000006d3e       0xb0 c:/program files/microchip/xc32/v3.01/bin/bin/../../lib/gcc/pic32mx/8.3.1/../../../../pic32mx/lib\libpic32.a(_mon_write.o)

.debug_frame    0x0000000000000000     0x1944
 *(.debug_frame)
 .debug_frame   0x0000000000000000       0x7c build/default/production/_ext/1329943840/BumperService.o
 .debug_frame   0x000000000000007c       0x78 build/default/production/_ext/1329943840/DeadBot.o
 .debug_frame   0x00000000000000f4       0x34 build/default/production/_ext/1329943840/ES_Main.o
 .debug_frame   0x0000000000000128       0xa0 build/default/production/_ext/1329943840/EventChecker.o
 .debug_frame   0x00000000000001c8       0x34 build/default/production/_ext/1329943840/FindPath.o
 .debug_frame   0x00000000000001fc       0x78 build/default/production/_ext/1329943840/ReverseShark.o
 .debug_frame   0x0000000000000274       0x7c build/default/production/_ext/1329943840/ReverseSideTapeService.o
 .debug_frame   0x00000000000002f0       0x78 build/default/production/_ext/1329943840/SecondTower.o
 .debug_frame   0x0000000000000368       0x7c build/default/production/_ext/1329943840/Service.o
 .debug_frame   0x00000000000003e4       0x7c build/default/production/_ext/1329943840/SideTapeService.o
 .debug_frame   0x0000000000000460       0x7c build/default/production/_ext/1329943840/TapeService.o
 .debug_frame   0x00000000000004dc       0x7c build/default/production/_ext/1329943840/TheBrain.o
 .debug_frame   0x0000000000000558       0x98 build/default/production/_ext/1329943840/TowerSearch.o
 .debug_frame   0x00000000000005f0       0x78 build/default/production/_ext/1329943840/TowerShark.o
 .debug_frame   0x0000000000000668       0x7c build/default/production/_ext/1329943840/TrackWireService.o
 .debug_frame   0x00000000000006e4      0x19c build/default/production/_ext/1329943840/motors.o
 .debug_frame   0x0000000000000880       0x7c build/default/production/_ext/1329943840/shooting.o
 .debug_frame   0x00000000000008fc      0x190 build/default/production/_ext/1975241074/AD.o
 .debug_frame   0x0000000000000a8c       0x74 build/default/production/_ext/1975241074/BOARD.o
 .debug_frame   0x0000000000000b00       0x34 build/default/production/_ext/1975241074/ES_CheckEvents.o
 .debug_frame   0x0000000000000b34       0xc0 build/default/production/_ext/1975241074/ES_Framework.o
 .debug_frame   0x0000000000000bf4       0x98 build/default/production/_ext/1975241074/ES_KeyboardInput.o
 .debug_frame   0x0000000000000c8c       0x90 build/default/production/_ext/1975241074/ES_Queue.o
 .debug_frame   0x0000000000000d1c      0x14c build/default/production/_ext/1975241074/ES_Timers.o
 .debug_frame   0x0000000000000e68      0x200 build/default/production/_ext/1975241074/IO_Ports.o
 .debug_frame   0x0000000000001068      0x170 build/default/production/_ext/1975241074/LED.o
 .debug_frame   0x00000000000011d8      0x1f8 build/default/production/_ext/1975241074/RC_Servo.o
 .debug_frame   0x00000000000013d0      0x148 build/default/production/_ext/1975241074/pwm.o
 .debug_frame   0x0000000000001518      0x15c build/default/production/_ext/1975241074/serial.o
 .debug_frame   0x0000000000001674      0x174 build/default/production/_ext/1975241074/timers.o
 .debug_frame   0x00000000000017e8       0x2c c:/program files/microchip/xc32/v3.01/bin/bin/../../lib/gcc/pic32mx/8.3.1\libgcc.a(floatunsisf.o)
 .debug_frame   0x0000000000001814       0x2c c:/program files/microchip/xc32/v3.01/bin/bin/../../lib/gcc/pic32mx/8.3.1/../../../../pic32mx/lib\libpic32.a(default-bootstrap-exception-handler.o)
 .debug_frame   0x0000000000001840       0x20 c:/program files/microchip/xc32/v3.01/bin/bin/../../lib/gcc/pic32mx/8.3.1/../../../../pic32mx/lib\libpic32.a(default-on-reset.o)
 .debug_frame   0x0000000000001860       0x20 c:/program files/microchip/xc32/v3.01/bin/bin/../../lib/gcc/pic32mx/8.3.1/../../../../pic32mx/lib\libpic32.a(default-on-bootstrap.o)
 .debug_frame   0x0000000000001880       0x2c c:/program files/microchip/xc32/v3.01/bin/bin/../../lib/gcc/pic32mx/8.3.1/../../../../pic32mx/lib\libpic32.a(default-general-exception-handler.o)
 .debug_frame   0x00000000000018ac       0x20 c:/program files/microchip/xc32/v3.01/bin/bin/../../lib/gcc/pic32mx/8.3.1/../../../../pic32mx/lib\libpic32.a(defaultinterrupt.o)
 .debug_frame   0x00000000000018cc       0x20 c:/program files/microchip/xc32/v3.01/bin/bin/../../lib/gcc/pic32mx/8.3.1\libgcc.a(_udivdi3.o)
 .debug_frame   0x00000000000018ec       0x20 c:/program files/microchip/xc32/v3.01/bin/bin/../../lib/gcc/pic32mx/8.3.1\libgcc.a(_umoddi3.o)
 .debug_frame   0x000000000000190c       0x38 c:/program files/microchip/xc32/v3.01/bin/bin/../../lib/gcc/pic32mx/8.3.1/../../../../pic32mx/lib\libpic32.a(_mon_write.o)

.debug_str      0x0000000000000000    0x5cb61
 *(.debug_str)
 .debug_str     0x0000000000000000     0x3ba7 build/default/production/_ext/1329943840/BumperService.o
 .debug_str     0x0000000000003ba7     0x3bd6 build/default/production/_ext/1329943840/DeadBot.o
 .debug_str     0x000000000000777d     0x39a4 build/default/production/_ext/1329943840/ES_Main.o
 .debug_str     0x000000000000b121      0x6f8 build/default/production/_ext/1329943840/EventChecker.o
 .debug_str     0x000000000000b819     0x3940 build/default/production/_ext/1329943840/FindPath.o
 .debug_str     0x000000000000f159     0x3c07 build/default/production/_ext/1329943840/ReverseShark.o
 .debug_str     0x0000000000012d60     0x3bc1 build/default/production/_ext/1329943840/ReverseSideTapeService.o
 .debug_str     0x0000000000016921     0x3c02 build/default/production/_ext/1329943840/SecondTower.o
 .debug_str     0x000000000001a523      0x6bf build/default/production/_ext/1329943840/Service.o
 .debug_str     0x000000000001abe2     0x3ba5 build/default/production/_ext/1329943840/SideTapeService.o
 .debug_str     0x000000000001e787     0x3b95 build/default/production/_ext/1329943840/TapeService.o
 .debug_str     0x000000000002231c     0x3be9 build/default/production/_ext/1329943840/TheBrain.o
 .debug_str     0x0000000000025f05     0x3c38 build/default/production/_ext/1329943840/TowerSearch.o
 .debug_str     0x0000000000029b3d     0x3c06 build/default/production/_ext/1329943840/TowerShark.o
 .debug_str     0x000000000002d743      0x6b9 build/default/production/_ext/1329943840/TrackWireService.o
 .debug_str     0x000000000002ddfc     0x3990 build/default/production/_ext/1329943840/motors.o
 .debug_str     0x000000000003178c     0x392a build/default/production/_ext/1329943840/shooting.o
 .debug_str     0x00000000000350b6     0x3a83 build/default/production/_ext/1975241074/AD.o
 .debug_str     0x0000000000038b39     0x37ce build/default/production/_ext/1975241074/BOARD.o
 .debug_str     0x000000000003c307      0x35d build/default/production/_ext/1975241074/ES_CheckEvents.o
 .debug_str     0x000000000003c664      0x7de build/default/production/_ext/1975241074/ES_Framework.o
 .debug_str     0x000000000003ce42      0x6ba build/default/production/_ext/1975241074/ES_KeyboardInput.o
 .debug_str     0x000000000003d4fc      0x2c4 build/default/production/_ext/1975241074/ES_PostList.o
 .debug_str     0x000000000003d7c0      0x578 build/default/production/_ext/1975241074/ES_Queue.o
 .debug_str     0x000000000003dd38     0x392f build/default/production/_ext/1975241074/ES_TattleTale.o
 .debug_str     0x0000000000041667     0x3aeb build/default/production/_ext/1975241074/ES_Timers.o
 .debug_str     0x0000000000045152     0x39a2 build/default/production/_ext/1975241074/IO_Ports.o
 .debug_str     0x0000000000048af4     0x38f0 build/default/production/_ext/1975241074/LED.o
 .debug_str     0x000000000004c3e4     0x3941 build/default/production/_ext/1975241074/RC_Servo.o
 .debug_str     0x000000000004fd25     0x3a1d build/default/production/_ext/1975241074/pwm.o
 .debug_str     0x0000000000053742     0x38dc build/default/production/_ext/1975241074/serial.o
 .debug_str     0x000000000005701e     0x38ae build/default/production/_ext/1975241074/timers.o
 .debug_str     0x000000000005a8cc      0x31c c:/program files/microchip/xc32/v3.01/bin/bin/../../lib/gcc/pic32mx/8.3.1\libgcc.a(floatunsisf.o)
 .debug_str     0x000000000005abe8      0x3b3 c:/program files/microchip/xc32/v3.01/bin/bin/../../lib/gcc/pic32mx/8.3.1/../../../../pic32mx/lib\libpic32.a(default-bootstrap-exception-handler.o)
 .debug_str     0x000000000005af9b      0x38d c:/program files/microchip/xc32/v3.01/bin/bin/../../lib/gcc/pic32mx/8.3.1/../../../../pic32mx/lib\libpic32.a(default-on-reset.o)
 .debug_str     0x000000000005b328      0x395 c:/program files/microchip/xc32/v3.01/bin/bin/../../lib/gcc/pic32mx/8.3.1/../../../../pic32mx/lib\libpic32.a(default-on-bootstrap.o)
 .debug_str     0x000000000005b6bd      0x3af c:/program files/microchip/xc32/v3.01/bin/bin/../../lib/gcc/pic32mx/8.3.1/../../../../pic32mx/lib\libpic32.a(default-general-exception-handler.o)
 .debug_str     0x000000000005ba6c      0x3a7 c:/program files/microchip/xc32/v3.01/bin/bin/../../lib/gcc/pic32mx/8.3.1/../../../../pic32mx/lib\libpic32.a(defaultinterrupt.o)
 .debug_str     0x000000000005be13      0x4e3 c:/program files/microchip/xc32/v3.01/bin/bin/../../lib/gcc/pic32mx/8.3.1\libgcc.a(_udivdi3.o)
 .debug_str     0x000000000005c2f6      0x4e3 c:/program files/microchip/xc32/v3.01/bin/bin/../../lib/gcc/pic32mx/8.3.1\libgcc.a(_umoddi3.o)
 .debug_str     0x000000000005c7d9      0x388 c:/program files/microchip/xc32/v3.01/bin/bin/../../lib/gcc/pic32mx/8.3.1/../../../../pic32mx/lib\libpic32.a(_mon_write.o)

.debug_loc      0x0000000000000000     0x15cc
 *(.debug_loc)
 .debug_loc     0x0000000000000000       0x84 c:/program files/microchip/xc32/v3.01/bin/bin/../../lib/gcc/pic32mx/8.3.1\libgcc.a(floatunsisf.o)
 .debug_loc     0x0000000000000084       0x2c c:/program files/microchip/xc32/v3.01/bin/bin/../../lib/gcc/pic32mx/8.3.1/../../../../pic32mx/lib\libpic32.a(default-bootstrap-exception-handler.o)
 .debug_loc     0x00000000000000b0       0x2c c:/program files/microchip/xc32/v3.01/bin/bin/../../lib/gcc/pic32mx/8.3.1/../../../../pic32mx/lib\libpic32.a(default-general-exception-handler.o)
 .debug_loc     0x00000000000000dc      0xb5b c:/program files/microchip/xc32/v3.01/bin/bin/../../lib/gcc/pic32mx/8.3.1\libgcc.a(_udivdi3.o)
 .debug_loc     0x0000000000000c37      0x969 c:/program files/microchip/xc32/v3.01/bin/bin/../../lib/gcc/pic32mx/8.3.1\libgcc.a(_umoddi3.o)
 .debug_loc     0x00000000000015a0       0x2c c:/program files/microchip/xc32/v3.01/bin/bin/../../lib/gcc/pic32mx/8.3.1/../../../../pic32mx/lib\libpic32.a(_mon_write.o)

.debug_macinfo
 *(.debug_macinfo)

.debug_weaknames
 *(.debug_weaknames)

.debug_funcnames
 *(.debug_funcnames)

.debug_typenames
 *(.debug_typenames)

.debug_varnames
 *(.debug_varnames)

.debug_pubtypes
 *(.debug_pubtypes)

.debug_ranges   0x0000000000000000      0x1d0
 *(.debug_ranges)
 .debug_ranges  0x0000000000000000       0x10 c:/program files/microchip/xc32/v3.01/bin/bin/../../lib/gcc/pic32mx/8.3.1/../../../../pic32mx/lib\libpic32.a(default-bootstrap-exception-handler.o)
 .debug_ranges  0x0000000000000010       0x10 c:/program files/microchip/xc32/v3.01/bin/bin/../../lib/gcc/pic32mx/8.3.1/../../../../pic32mx/lib\libpic32.a(default-on-reset.o)
 .debug_ranges  0x0000000000000020       0x10 c:/program files/microchip/xc32/v3.01/bin/bin/../../lib/gcc/pic32mx/8.3.1/../../../../pic32mx/lib\libpic32.a(default-on-bootstrap.o)
 .debug_ranges  0x0000000000000030       0x10 c:/program files/microchip/xc32/v3.01/bin/bin/../../lib/gcc/pic32mx/8.3.1/../../../../pic32mx/lib\libpic32.a(default-general-exception-handler.o)
 .debug_ranges  0x0000000000000040       0x10 c:/program files/microchip/xc32/v3.01/bin/bin/../../lib/gcc/pic32mx/8.3.1/../../../../pic32mx/lib\libpic32.a(defaultinterrupt.o)
 .debug_ranges  0x0000000000000050       0xd0 c:/program files/microchip/xc32/v3.01/bin/bin/../../lib/gcc/pic32mx/8.3.1\libgcc.a(_udivdi3.o)
 .debug_ranges  0x0000000000000120       0xa0 c:/program files/microchip/xc32/v3.01/bin/bin/../../lib/gcc/pic32mx/8.3.1\libgcc.a(_umoddi3.o)
 .debug_ranges  0x00000000000001c0       0x10 c:/program files/microchip/xc32/v3.01/bin/bin/../../lib/gcc/pic32mx/8.3.1/../../../../pic32mx/lib\libpic32.a(_mon_write.o)

.gnu.attributes
                0x0000000000000000       0x10
 *(.gnu.attributes)
 .gnu.attributes
                0x0000000000000000       0x10 c:/program files/microchip/xc32/v3.01/bin/bin/../../lib/gcc/pic32mx/8.3.1/../../../../pic32mx/lib\debug-exception-return.o
 .gnu.attributes
                0x0000000000000010       0x10 build/default/production/_ext/1329943840/BumperService.o
 .gnu.attributes
                0x0000000000000020       0x10 build/default/production/_ext/1329943840/DeadBot.o
 .gnu.attributes
                0x0000000000000030       0x10 build/default/production/_ext/1329943840/ES_Main.o
 .gnu.attributes
                0x0000000000000040       0x10 build/default/production/_ext/1329943840/EventChecker.o
 .gnu.attributes
                0x0000000000000050       0x10 build/default/production/_ext/1329943840/FindPath.o
 .gnu.attributes
                0x0000000000000060       0x10 build/default/production/_ext/1329943840/ReverseShark.o
 .gnu.attributes
                0x0000000000000070       0x10 build/default/production/_ext/1329943840/ReverseSideTapeService.o
 .gnu.attributes
                0x0000000000000080       0x10 build/default/production/_ext/1329943840/SecondTower.o
 .gnu.attributes
                0x0000000000000090       0x10 build/default/production/_ext/1329943840/Service.o
 .gnu.attributes
                0x00000000000000a0       0x10 build/default/production/_ext/1329943840/SideTapeService.o
 .gnu.attributes
                0x00000000000000b0       0x10 build/default/production/_ext/1329943840/TapeService.o
 .gnu.attributes
                0x00000000000000c0       0x10 build/default/production/_ext/1329943840/TheBrain.o
 .gnu.attributes
                0x00000000000000d0       0x10 build/default/production/_ext/1329943840/TowerSearch.o
 .gnu.attributes
                0x00000000000000e0       0x10 build/default/production/_ext/1329943840/TowerShark.o
 .gnu.attributes
                0x00000000000000f0       0x10 build/default/production/_ext/1329943840/TrackWireService.o
 .gnu.attributes
                0x0000000000000100       0x10 build/default/production/_ext/1329943840/motors.o
 .gnu.attributes
                0x0000000000000110       0x10 build/default/production/_ext/1329943840/shooting.o
 .gnu.attributes
                0x0000000000000120       0x10 build/default/production/_ext/1975241074/AD.o
 .gnu.attributes
                0x0000000000000130       0x10 build/default/production/_ext/1975241074/BOARD.o
 .gnu.attributes
                0x0000000000000140       0x10 build/default/production/_ext/1975241074/ES_CheckEvents.o
 .gnu.attributes
                0x0000000000000150       0x10 build/default/production/_ext/1975241074/ES_Framework.o
 .gnu.attributes
                0x0000000000000160       0x10 build/default/production/_ext/1975241074/ES_KeyboardInput.o
 .gnu.attributes
                0x0000000000000170       0x10 build/default/production/_ext/1975241074/ES_PostList.o
 .gnu.attributes
                0x0000000000000180       0x10 build/default/production/_ext/1975241074/ES_Queue.o
 .gnu.attributes
                0x0000000000000190       0x10 build/default/production/_ext/1975241074/ES_TattleTale.o
 .gnu.attributes
                0x00000000000001a0       0x10 build/default/production/_ext/1975241074/ES_Timers.o
 .gnu.attributes
                0x00000000000001b0       0x10 build/default/production/_ext/1975241074/IO_Ports.o
 .gnu.attributes
                0x00000000000001c0       0x10 build/default/production/_ext/1975241074/LED.o
 .gnu.attributes
                0x00000000000001d0       0x10 build/default/production/_ext/1975241074/RC_Servo.o
 .gnu.attributes
                0x00000000000001e0       0x10 build/default/production/_ext/1975241074/pwm.o
 .gnu.attributes
                0x00000000000001f0       0x10 build/default/production/_ext/1975241074/serial.o
 .gnu.attributes
                0x0000000000000200       0x10 build/default/production/_ext/1975241074/timers.o
 .gnu.attributes
                0x0000000000000210       0x10 C:\Users\hpcallah\AppData\Local\Temp\ccbo6Ist.o
 .gnu.attributes
                0x0000000000000220       0x10 C:\Users\hpcallah\AppData\Local\Temp\ccw7xsFc.o
 .gnu.attributes
                0x0000000000000230       0x10 C:\Users\hpcallah\AppData\Local\Temp\ccwnE8id.o
 .gnu.attributes
                0x0000000000000240       0x10 c:/program files/microchip/xc32/v3.01/bin/bin/../../lib/gcc/pic32mx/8.3.1/../../../../pic32mx/lib\pic32_software_reset.o
 .gnu.attributes
                0x0000000000000250       0x10 c:/program files/microchip/xc32/v3.01/bin/bin/../../lib/gcc/pic32mx/8.3.1\libgcc.a(floatunsisf.o)
 .gnu.attributes
                0x0000000000000260       0x10 c:/program files/microchip/xc32/v3.01/bin/bin/../../lib/gcc/pic32mx/8.3.1/../../../../pic32mx/lib\libpic32.a(default-bootstrap-exception-handler.o)
 .gnu.attributes
                0x0000000000000270       0x10 c:/program files/microchip/xc32/v3.01/bin/bin/../../lib/gcc/pic32mx/8.3.1/../../../../pic32mx/lib\libpic32.a(default-on-reset.o)
 .gnu.attributes
                0x0000000000000280       0x10 c:/program files/microchip/xc32/v3.01/bin/bin/../../lib/gcc/pic32mx/8.3.1/../../../../pic32mx/lib\libpic32.a(default-on-bootstrap.o)
 .gnu.attributes
                0x0000000000000290       0x10 c:/program files/microchip/xc32/v3.01/bin/bin/../../lib/gcc/pic32mx/8.3.1/../../../../pic32mx/lib\libpic32.a(default-nmi-handler.o)
 .gnu.attributes
                0x00000000000002a0       0x10 c:/program files/microchip/xc32/v3.01/bin/bin/../../lib/gcc/pic32mx/8.3.1/../../../../pic32mx/lib\libpic32.a(pic32_data_init.o)
 .gnu.attributes
                0x00000000000002b0       0x10 c:/program files/microchip/xc32/v3.01/bin/bin/../../lib/gcc/pic32mx/8.3.1/../../../../pic32mx/lib\libpic32.a(general-exception.o)
 .gnu.attributes
                0x00000000000002c0       0x10 c:/program files/microchip/xc32/v3.01/bin/bin/../../lib/gcc/pic32mx/8.3.1/../../../../pic32mx/lib\libpic32.a(vector0.o)
 .gnu.attributes
                0x00000000000002d0       0x10 c:/program files/microchip/xc32/v3.01/bin/bin/../../lib/gcc/pic32mx/8.3.1/../../../../pic32mx/lib\libpic32.a(vector1.o)
 .gnu.attributes
                0x00000000000002e0       0x10 c:/program files/microchip/xc32/v3.01/bin/bin/../../lib/gcc/pic32mx/8.3.1/../../../../pic32mx/lib\libpic32.a(vector2.o)
 .gnu.attributes
                0x00000000000002f0       0x10 c:/program files/microchip/xc32/v3.01/bin/bin/../../lib/gcc/pic32mx/8.3.1/../../../../pic32mx/lib\libpic32.a(vector3.o)
 .gnu.attributes
                0x0000000000000300       0x10 c:/program files/microchip/xc32/v3.01/bin/bin/../../lib/gcc/pic32mx/8.3.1/../../../../pic32mx/lib\libpic32.a(vector5.o)
 .gnu.attributes
                0x0000000000000310       0x10 c:/program files/microchip/xc32/v3.01/bin/bin/../../lib/gcc/pic32mx/8.3.1/../../../../pic32mx/lib\libpic32.a(vector6.o)
 .gnu.attributes
                0x0000000000000320       0x10 c:/program files/microchip/xc32/v3.01/bin/bin/../../lib/gcc/pic32mx/8.3.1/../../../../pic32mx/lib\libpic32.a(vector7.o)
 .gnu.attributes
                0x0000000000000330       0x10 c:/program files/microchip/xc32/v3.01/bin/bin/../../lib/gcc/pic32mx/8.3.1/../../../../pic32mx/lib\libpic32.a(vector8.o)
 .gnu.attributes
                0x0000000000000340       0x10 c:/program files/microchip/xc32/v3.01/bin/bin/../../lib/gcc/pic32mx/8.3.1/../../../../pic32mx/lib\libpic32.a(vector9.o)
 .gnu.attributes
                0x0000000000000350       0x10 c:/program files/microchip/xc32/v3.01/bin/bin/../../lib/gcc/pic32mx/8.3.1/../../../../pic32mx/lib\libpic32.a(vector10.o)
 .gnu.attributes
                0x0000000000000360       0x10 c:/program files/microchip/xc32/v3.01/bin/bin/../../lib/gcc/pic32mx/8.3.1/../../../../pic32mx/lib\libpic32.a(vector11.o)
 .gnu.attributes
                0x0000000000000370       0x10 c:/program files/microchip/xc32/v3.01/bin/bin/../../lib/gcc/pic32mx/8.3.1/../../../../pic32mx/lib\libpic32.a(vector12.o)
 .gnu.attributes
                0x0000000000000380       0x10 c:/program files/microchip/xc32/v3.01/bin/bin/../../lib/gcc/pic32mx/8.3.1/../../../../pic32mx/lib\libpic32.a(vector13.o)
 .gnu.attributes
                0x0000000000000390       0x10 c:/program files/microchip/xc32/v3.01/bin/bin/../../lib/gcc/pic32mx/8.3.1/../../../../pic32mx/lib\libpic32.a(vector14.o)
 .gnu.attributes
                0x00000000000003a0       0x10 c:/program files/microchip/xc32/v3.01/bin/bin/../../lib/gcc/pic32mx/8.3.1/../../../../pic32mx/lib\libpic32.a(vector15.o)
 .gnu.attributes
                0x00000000000003b0       0x10 c:/program files/microchip/xc32/v3.01/bin/bin/../../lib/gcc/pic32mx/8.3.1/../../../../pic32mx/lib\libpic32.a(vector17.o)
 .gnu.attributes